Archive member included to satisfy reference by file (symbol)

C:/devkitPro/libctru/lib\libctru.a(console.o)
                              main.o (consoleInit)
C:/devkitPro/libctru/lib\libctru.a(gfx.o)
                              main.o (gfxSet3D)
C:/devkitPro/libctru/lib\libctru.a(srv.o)
                              main.o (srvInit)
C:/devkitPro/libctru/lib\libctru.a(apt.o)
                              main.o (aptExit)
C:/devkitPro/libctru/lib\libctru.a(gspgpu.o)
                              C:/devkitPro/libctru/lib\libctru.a(gfx.o) (gspInit)
C:/devkitPro/libctru/lib\libctru.a(hid.o)
                              main.o (hidInit)
C:/devkitPro/libctru/lib\libctru.a(irrst.o)
                              C:/devkitPro/libctru/lib\libctru.a(hid.o) (irrstInit)
C:/devkitPro/libctru/lib\libctru.a(srvpm.o)
                              C:/devkitPro/libctru/lib\libctru.a(srv.o) (srvPmGetSessionHandle)
C:/devkitPro/libctru/lib\libctru.a(ctru_init.o)
                              C:/devkitPro/libctru/lib\libctru.a(apt.o) (__system_retAddr)
C:/devkitPro/libctru/lib\libctru.a(initArgv.o)
                              C:/devkitPro/libctru/lib\libctru.a(ctru_init.o) (__system_initArgv)
C:/devkitPro/libctru/lib\libctru.a(syscalls.o)
                              C:/devkitPro/libctru/lib\libctru.a(ctru_init.o) (__system_initSyscalls)
C:/devkitPro/libctru/lib\libctru.a(svc.o)
                              C:/devkitPro/libctru/lib\libctru.a(apt.o) (svcSleepThread)
C:/devkitPro/libctru/lib\libctru.a(stack_adjust.o)
                              C:/devkitPro/devkitARM/bin/../lib/gcc/arm-none-eabi/13.2.0/../../../../arm-none-eabi/lib/armv6k/fpu/3dsx_crt0.o (initSystem)
C:/devkitPro/libctru/lib\libctru.a(default_font.bin.o)
                              C:/devkitPro/libctru/lib\libctru.a(console.o) (default_font_bin)
C:/devkitPro/libctru/lib\libctru.a(linear.o)
                              C:/devkitPro/libctru/lib\libctru.a(gfx.o) (linearAlloc)
C:/devkitPro/libctru/lib\libctru.a(mem_pool.o)
                              C:/devkitPro/libctru/lib\libctru.a(linear.o) (MemPool::Allocate(MemChunk&, unsigned long, int))
C:/devkitPro/libctru/lib\libctru.a(vram.o)
                              C:/devkitPro/libctru/lib\libctru.a(gfx.o) (vramAlloc)
C:/devkitPro/libctru/lib\libctru.a(3dslink.o)
                              C:/devkitPro/libctru/lib\libctru.a(initArgv.o) (__3dslink_host)
C:/devkitPro/libctru/lib\libctru.a(env.o)
                              C:/devkitPro/libctru/lib\libctru.a(srv.o) (envGetHandle)
C:/devkitPro/libctru/lib\libctru.a(os.o)
                              C:/devkitPro/libctru/lib\libctru.a(syscalls.o) (osGetTime)
C:/devkitPro/libctru/lib\libctru.a(synchronization.o)
                              C:/devkitPro/libctru/lib\libctru.a(ctru_init.o) (__sync_init)
C:/devkitPro/libctru/lib\libctru.a(thread.o)
                              C:/devkitPro/libctru/lib\libctru.a(apt.o) (threadCreate)
C:/devkitPro/libctru/lib\libctru.a(mappable.o)
                              C:/devkitPro/libctru/lib\libctru.a(apt.o) (mappableAlloc)
C:/devkitPro/libctru/lib\libctru.a(ptmsysm.o)
                              C:/devkitPro/libctru/lib\libctru.a(os.o) (ptmSysmInit)
C:/devkitPro/libctru/lib\libctru.a(soc_connect.o)
                              C:/devkitPro/libctru/lib\libctru.a(3dslink.o) (connect)
C:/devkitPro/libctru/lib\libctru.a(soc_socket.o)
                              C:/devkitPro/libctru/lib\libctru.a(3dslink.o) (socket)
C:/devkitPro/libctru/lib\libctru.a(rbtree_find.o)
                              C:/devkitPro/libctru/lib\libctru.a(linear.o) (rbtree_find)
C:/devkitPro/libctru/lib\libctru.a(rbtree_init.o)
                              C:/devkitPro/libctru/lib\libctru.a(linear.o) (rbtree_init)
C:/devkitPro/libctru/lib\libctru.a(rbtree_insert.o)
                              C:/devkitPro/libctru/lib\libctru.a(linear.o) (rbtree_insert)
C:/devkitPro/libctru/lib\libctru.a(rbtree_remove.o)
                              C:/devkitPro/libctru/lib\libctru.a(linear.o) (rbtree_remove)
C:/devkitPro/libctru/lib\libctru.a(rbtree_rotate.o)
                              C:/devkitPro/libctru/lib\libctru.a(rbtree_insert.o) (rbtree_rotate)
C:/devkitPro/libctru/lib\libctru.a(allocateHeaps.o)
                              C:/devkitPro/libctru/lib\libctru.a(ctru_init.o) (__system_allocateHeaps)
C:/devkitPro/libctru/lib\libctru.a(appExit.o)
                              C:/devkitPro/libctru/lib\libctru.a(stack_adjust.o) (__appExit)
C:/devkitPro/libctru/lib\libctru.a(appInit.o)
                              C:/devkitPro/libctru/lib\libctru.a(stack_adjust.o) (__appInit)
C:/devkitPro/libctru/lib\libctru.a(ctru_exit.o)
                              C:/devkitPro/libctru/lib\libctru.a(stack_adjust.o) (__libctru_exit)
C:/devkitPro/libctru/lib\libctru.a(archive_dev.o)
                              C:/devkitPro/libctru/lib\libctru.a(appInit.o) (archiveMountSdmc)
[...]
Memory Configuration

Name             Origin             Length             Attributes
*default*        0x00000000         0xffffffff

Linker script and memory map

                0x00100000                        PROVIDE (__start__ = 0x100000)
                0x00100000                        . = __start__

.text           0x00100000    0x20cb0
 *(.crt0)
 .crt0          0x00100000       0x94 C:/devkitPro/devkitARM/bin/../lib/gcc/arm-none-eabi/13.2.0/../../../../arm-none-eabi/lib/armv6k/fpu/3dsx_crt0.o
                0x00100000                _start
                0x00100008                __service_ptr
                0x0010000c                __apt_appid
                0x00100010                __heap_size
                0x00100014                __linear_heap_size
                0x00100018                __system_arglist
                0x0010001c                __system_runflags
 *(.init)
 .init          0x00100094        0xc C:/devkitPro/devkitARM/bin/../lib/gcc/arm-none-eabi/13.2.0/armv6k/fpu/crti.o
                0x00100094                _init
 .init          0x001000a0        0xc C:/devkitPro/devkitARM/bin/../lib/gcc/arm-none-eabi/13.2.0/armv6k/fpu/crtn.o
                0x001000ac                        . = ALIGN (0x4)
 *(.text)
 .text          0x001000ac      0x240 C:/devkitPro/devkitARM/bin/../lib/gcc/arm-none-eabi/13.2.0/armv6k/fpu\libgcc.a(_divsi3.o)
                0x001000ac                __divsi3
                0x001000ac                __aeabi_idiv
                0x001002cc                __aeabi_idivmod
 .text          0x001002ec        0x4 C:/devkitPro/devkitARM/bin/../lib/gcc/arm-none-eabi/13.2.0/armv6k/fpu\libgcc.a(_dvmd_tls.o)
                0x001002ec                __aeabi_idiv0
                0x001002ec                __aeabi_ldiv0
 .text          0x001002f0       0x3c C:/devkitPro/devkitARM/bin/../lib/gcc/arm-none-eabi/13.2.0/armv6k/fpu\libgcc.a(_aeabi_uldivmod.o)
                0x001002f0                __aeabi_uldivmod
 *fill*         0x0010032c       0x14 
 .text          0x00100340      0x390 C:/devkitPro/devkitARM/bin/../lib/gcc/arm-none-eabi/13.2.0/../../../../arm-none-eabi/lib/armv6k/fpu\libg.a(libc_a-strcmp.o)
                0x00100348                strcmp
 .text          0x001006d0      0x20c C:/devkitPro/devkitARM/bin/../lib/gcc/arm-none-eabi/13.2.0/armv6k/fpu\libgcc.a(_udivsi3.o)
                0x001006d0                __aeabi_uidiv
                0x001006d0                __udivsi3
                0x001008bc                __aeabi_uidivmod
 .text          0x001008dc      0x3c0 C:/devkitPro/devkitARM/bin/../lib/gcc/arm-none-eabi/13.2.0/armv6k/fpu\libgcc.a(_arm_addsubdf3.o)
                0x001008dc                __aeabi_drsub
                0x001008e4                __aeabi_dsub
                0x001008e4                __subdf3
                0x001008e8                __aeabi_dadd
                0x001008e8                __adddf3
                0x00100b94                __floatunsidf
                0x00100b94                __aeabi_ui2d
                0x00100bb8                __floatsidf
                0x00100bb8                __aeabi_i2d
                0x00100be0                __aeabi_f2d
                0x00100be0                __extendsfdf2
                0x00100c28                __floatundidf
                0x00100c28                __aeabi_ul2d
                0x00100c3c                __floatdidf
                0x00100c3c                __aeabi_l2d
 *(.text.*)
 .text.__do_global_dtors_aux
                0x00100c9c       0x40 C:/devkitPro/devkitARM/bin/../lib/gcc/arm-none-eabi/13.2.0/armv6k/fpu/crtbegin.o
 .text.frame_dummy
                0x00100cdc       0x2c C:/devkitPro/devkitARM/bin/../lib/gcc/arm-none-eabi/13.2.0/armv6k/fpu/crtbegin.o
 .text.startup  0x00100d08       0xa4 main.o
                0x00100d08                main
 .text.parseColor
                0x00100dac      0x1f4 C:/devkitPro/libctru/lib\libctru.a(console.o)
 .text.consoleDrawChar
                0x00100fa0      0x1ac C:/devkitPro/libctru/lib\libctru.a(console.o)
                0x00100fa0                consoleDrawChar
 .text.consolePrintChar
                0x0010114c      0x124 C:/devkitPro/libctru/lib\libctru.a(console.o)
                0x0010114c                consolePrintChar
 .text.con_write
                0x00101270      0xbe4 C:/devkitPro/libctru/lib\libctru.a(console.o)
                0x00101270                con_write
 .text.newRow   0x00101e54       0xfc C:/devkitPro/libctru/lib\libctru.a(console.o)
 .text.consoleInit
                0x00101f50      0x168 C:/devkitPro/libctru/lib\libctru.a(console.o)
                0x00101f50                consoleInit
 .text.gfxPresentFramebuffer
                0x001020b8       0xd0 C:/devkitPro/libctru/lib\libctru.a(gfx.o)
 .text.gfxSet3D
                0x00102188       0x10 C:/devkitPro/libctru/lib\libctru.a(gfx.o)
                0x00102188                gfxSet3D
 .text.gfxIsWide
                0x00102198       0x1c C:/devkitPro/libctru/lib\libctru.a(gfx.o)
                0x00102198                gfxIsWide
 .text.gfxSetScreenFormat
                0x001021b4       0xec C:/devkitPro/libctru/lib\libctru.a(gfx.o)
                0x001021b4                gfxSetScreenFormat
 .text.gfxSetDoubleBuffering
                0x001022a0       0x10 C:/devkitPro/libctru/lib\libctru.a(gfx.o)
                0x001022a0                gfxSetDoubleBuffering
 .text.gfxInit  0x001022b0       0xe0 C:/devkitPro/libctru/lib\libctru.a(gfx.o)
                0x001022b0                gfxInit
 .text.gfxInitDefault
                0x00102390       0x10 C:/devkitPro/libctru/lib\libctru.a(gfx.o)
                0x00102390                gfxInitDefault
 .text.gfxExit  0x001023a0       0xb4 C:/devkitPro/libctru/lib\libctru.a(gfx.o)
                0x001023a0                gfxExit
 .text.gfxGetFramebuffer
                0x00102454       0xa0 C:/devkitPro/libctru/lib\libctru.a(gfx.o)
                0x00102454                gfxGetFramebuffer
 .text.gfxFlushBuffers
                0x001024f4      0x104 C:/devkitPro/libctru/lib\libctru.a(gfx.o)
                0x001024f4                gfxFlushBuffers
 .text.gfxSwapBuffers
                0x001025f8       0x50 C:/devkitPro/libctru/lib\libctru.a(gfx.o)
                0x001025f8                gfxSwapBuffers
 .text.gfxSwapBuffersGpu
                0x00102648       0x50 C:/devkitPro/libctru/lib\libctru.a(gfx.o)
                0x00102648                gfxSwapBuffersGpu
 .text.srvInit  0x00102698      0x12c C:/devkitPro/libctru/lib\libctru.a(srv.o)
                0x00102698                srvInit
 .text.srvExit  0x001027c4       0x58 C:/devkitPro/libctru/lib\libctru.a(srv.o)
                0x001027c4                srvExit
 .text.srvEnableNotification
                0x0010281c       0x60 C:/devkitPro/libctru/lib\libctru.a(srv.o)
                0x0010281c                srvEnableNotification
 .text.srvGetServiceHandleDirect
                0x0010287c       0xa0 C:/devkitPro/libctru/lib\libctru.a(srv.o)
                0x0010287c                srvGetServiceHandleDirect
 .text.srvGetServiceHandle
                0x0010291c       0x38 C:/devkitPro/libctru/lib\libctru.a(srv.o)
                0x0010291c                srvGetServiceHandle
 .text.srvSubscribe
                0x00102954       0x34 C:/devkitPro/libctru/lib\libctru.a(srv.o)
                0x00102954                srvSubscribe
 .text.srvReceiveNotification
                0x00102988       0x60 C:/devkitPro/libctru/lib\libctru.a(srv.o)
                0x00102988                srvReceiveNotification
 .text.srvPublishToSubscriber
                0x001029e8       0x38 C:/devkitPro/libctru/lib\libctru.a(srv.o)
                0x001029e8                srvPublishToSubscriber
 .text.aptConvertScreenForCapture
                0x00102a20      0x1ac C:/devkitPro/libctru/lib\libctru.a(apt.o)
 .text.aptDspSleep
                0x00102bcc        0x8 C:/devkitPro/libctru/lib\libctru.a(apt.o)
                0x00102bcc                aptDspSleep
 .text.aptDspWakeup
                0x00102bd4        0x4 C:/devkitPro/libctru/lib\libctru.a(apt.o)
                0x00102bd4                aptDspWakeup
 .text.aptDspCancel
                0x00102bd8        0x4 C:/devkitPro/libctru/lib\libctru.a(apt.o)
                0x00102bd8                aptDspCancel
 .text.aptSendCommand
                0x00102bdc      0x158 C:/devkitPro/libctru/lib\libctru.a(apt.o)
                0x00102bdc                aptSendCommand
 *fill*         0x00102d34        0x4 
 .text.aptExitProcess
                0x00102d38       0x44 C:/devkitPro/libctru/lib\libctru.a(apt.o)
 .text.aptExit  0x00102d7c      0x38c C:/devkitPro/libctru/lib\libctru.a(apt.o)
                0x00102d7c                aptExit
 .text.aptHandleSleep
                0x00103108       0xe0 C:/devkitPro/libctru/lib\libctru.a(apt.o)
                0x00103108                aptHandleSleep
 .text.APT_SleepIfShellClosed
                0x001031e8       0x84 C:/devkitPro/libctru/lib\libctru.a(apt.o)
                0x001031e8                APT_SleepIfShellClosed
 .text.aptSetSleepAllowed
                0x0010326c       0x84 C:/devkitPro/libctru/lib\libctru.a(apt.o)
                0x0010326c                aptSetSleepAllowed
 .text.APT_UnlockTransition
                0x001032f0       0x84 C:/devkitPro/libctru/lib\libctru.a(apt.o)
                0x001032f0                APT_UnlockTransition
 *fill*         0x00103374        0x4 
 .text.aptEventHandler
                0x00103378      0x4a4 C:/devkitPro/libctru/lib\libctru.a(apt.o)
 .text.APT_ReceiveParameter
                0x0010381c       0xb0 C:/devkitPro/libctru/lib\libctru.a(apt.o)
                0x0010381c                APT_ReceiveParameter
 .text.aptReceiveParameter.constprop.0
                0x001038cc       0xac C:/devkitPro/libctru/lib\libctru.a(apt.o)
 .text.aptScreenTransfer
                0x00103978      0x2ac C:/devkitPro/libctru/lib\libctru.a(apt.o)
 .text.aptWaitForWakeUp.isra.0
                0x00103c24      0x320 C:/devkitPro/libctru/lib\libctru.a(apt.o)
 .text.aptJumpToHomeMenu
                0x00103f44       0xf8 C:/devkitPro/libctru/lib\libctru.a(apt.o)
                0x00103f44                aptJumpToHomeMenu
 .text.aptMainLoop
                0x0010403c       0x48 C:/devkitPro/libctru/lib\libctru.a(apt.o)
                0x0010403c                aptMainLoop
 .text.aptInit  0x00104084      0x22c C:/devkitPro/libctru/lib\libctru.a(apt.o)
                0x00104084                aptInit
 .text.APT_CheckNew3DS
                0x001042b0       0x7c C:/devkitPro/libctru/lib\libctru.a(apt.o)
                0x001042b0                APT_CheckNew3DS
 .text.gspHardwareInit
                0x0010432c      0xc64 C:/devkitPro/libctru/lib\libctru.a(gspgpu.o)
 .text.gspInit  0x00104f90      0x248 C:/devkitPro/libctru/lib\libctru.a(gspgpu.o)
                0x00104f90                gspInit
 .text.gspExit  0x001051d8       0xf0 C:/devkitPro/libctru/lib\libctru.a(gspgpu.o)
                0x001051d8                gspExit
 .text.gspHasGpuRight
                0x001052c8       0x10 C:/devkitPro/libctru/lib\libctru.a(gspgpu.o)
                0x001052c8                gspHasGpuRight
 .text.gspPresentBuffer
                0x001052d8       0xa0 C:/devkitPro/libctru/lib\libctru.a(gspgpu.o)
                0x001052d8                gspPresentBuffer
 .text.gspWaitForEvent
                0x00105378       0x44 C:/devkitPro/libctru/lib\libctru.a(gspgpu.o)
                0x00105378                gspWaitForEvent
 .text.gxCmdQueueInterrupt
                0x001053bc        0x4 C:/devkitPro/libctru/lib\libctru.a(gspgpu.o)
                0x001053bc                gxCmdQueueInterrupt
 .text.gspEventThreadMain
                0x001053c0      0x158 C:/devkitPro/libctru/lib\libctru.a(gspgpu.o)
 .text.GSPGPU_FlushDataCache
                0x00105518       0x50 C:/devkitPro/libctru/lib\libctru.a(gspgpu.o)
                0x00105518                GSPGPU_FlushDataCache
 .text.GSPGPU_SetLcdForceBlack
                0x00105568       0x34 C:/devkitPro/libctru/lib\libctru.a(gspgpu.o)
                0x00105568                GSPGPU_SetLcdForceBlack
 .text.GSPGPU_AcquireRight
                0x0010559c       0x68 C:/devkitPro/libctru/lib\libctru.a(gspgpu.o)
                0x0010559c                GSPGPU_AcquireRight
 .text.GSPGPU_ReleaseRight
                0x00105604       0x48 C:/devkitPro/libctru/lib\libctru.a(gspgpu.o)
                0x00105604                GSPGPU_ReleaseRight
 .text.GSPGPU_ImportDisplayCaptureInfo
                0x0010564c       0x7c C:/devkitPro/libctru/lib\libctru.a(gspgpu.o)
                0x0010564c                GSPGPU_ImportDisplayCaptureInfo
 .text.GSPGPU_SaveVramSysArea
                0x001056c8       0x2c C:/devkitPro/libctru/lib\libctru.a(gspgpu.o)
                0x001056c8                GSPGPU_SaveVramSysArea
 .text.GSPGPU_RestoreVramSysArea
                0x001056f4       0x2c C:/devkitPro/libctru/lib\libctru.a(gspgpu.o)
                0x001056f4                GSPGPU_RestoreVramSysArea
 .text.hidShouldUseIrrst
                0x00105720       0x24 C:/devkitPro/libctru/lib\libctru.a(hid.o)
                0x00105720                hidShouldUseIrrst
 .text.hidInit  0x00105744      0x18c C:/devkitPro/libctru/lib\libctru.a(hid.o)
                0x00105744                hidInit
 .text.hidExit  0x001058d0       0xe8 C:/devkitPro/libctru/lib\libctru.a(hid.o)
                0x001058d0                hidExit
 .text.hidScanInput
                0x001059b8      0x2a4 C:/devkitPro/libctru/lib\libctru.a(hid.o)
                0x001059b8                hidScanInput
 .text.hidKeysHeld
                0x00105c5c       0x10 C:/devkitPro/libctru/lib\libctru.a(hid.o)
                0x00105c5c                hidKeysHeld
 .text.hidKeysDown
                0x00105c6c       0x10 C:/devkitPro/libctru/lib\libctru.a(hid.o)
                0x00105c6c                hidKeysDown
 .text.hidKeysUp
                0x00105c7c       0x10 C:/devkitPro/libctru/lib\libctru.a(hid.o)
                0x00105c7c                hidKeysUp
 .text.irrstInit
                0x00105c8c      0x160 C:/devkitPro/libctru/lib\libctru.a(irrst.o)
                0x00105c8c                irrstInit
 .text.irrstExit
                0x00105dec       0xcc C:/devkitPro/libctru/lib\libctru.a(irrst.o)
                0x00105dec                irrstExit
 .text.irrstScanInput
                0x00105eb8       0xb4 C:/devkitPro/libctru/lib\libctru.a(irrst.o)
                0x00105eb8                irrstScanInput
 .text.irrstKeysHeld
                0x00105f6c       0x24 C:/devkitPro/libctru/lib\libctru.a(irrst.o)
                0x00105f6c                irrstKeysHeld
 .text.srvPmGetSessionHandle
                0x00105f90        0xc C:/devkitPro/libctru/lib\libctru.a(srvpm.o)
                0x00105f90                srvPmGetSessionHandle
 .text.__libctru_init
                0x00105f9c       0x38 C:/devkitPro/libctru/lib\libctru.a(ctru_init.o)
                0x00105f9c                __libctru_init
 .text.__system_initArgv
                0x00105fd4      0x170 C:/devkitPro/libctru/lib\libctru.a(initArgv.o)
                0x00105fd4                __system_initArgv
 .text.__syscall_getreent
                0x00106144       0x30 C:/devkitPro/libctru/lib\libctru.a(syscalls.o)
                0x00106144                __syscall_getreent
 .text.__syscall_lock_acquire
                0x00106174        0x4 C:/devkitPro/libctru/lib\libctru.a(syscalls.o)
                0x00106174                __syscall_lock_acquire
 .text.__syscall_lock_release
                0x00106178        0x4 C:/devkitPro/libctru/lib\libctru.a(syscalls.o)
                0x00106178                __syscall_lock_release
 .text.__syscall_lock_acquire_recursive
                0x0010617c        0x4 C:/devkitPro/libctru/lib\libctru.a(syscalls.o)
                0x0010617c                __syscall_lock_acquire_recursive
 .text.__syscall_lock_release_recursive
                0x00106180        0x4 C:/devkitPro/libctru/lib\libctru.a(syscalls.o)
                0x00106180                __syscall_lock_release_recursive
 .text.__syscall_exit
                0x00106184        0x4 C:/devkitPro/libctru/lib\libctru.a(syscalls.o)
                0x00106184                __syscall_exit
 .text.initThreadVars
                0x00106188       0x50 C:/devkitPro/libctru/lib\libctru.a(syscalls.o)
                0x00106188                initThreadVars
 .text.__system_initSyscalls
                0x001061d8       0x80 C:/devkitPro/libctru/lib\libctru.a(syscalls.o)
                0x001061d8                __system_initSyscalls
 .text.svcControlMemory
                0x00106258       0x20 C:/devkitPro/libctru/lib\libctru.a(svc.o)
                0x00106258                svcControlMemory
 .text.svcQueryMemory
                0x00106278       0x30 C:/devkitPro/libctru/lib\libctru.a(svc.o)
                0x00106278                svcQueryMemory
 .text.svcExitProcess
                0x001062a8        0x8 C:/devkitPro/libctru/lib\libctru.a(svc.o)
                0x001062a8                svcExitProcess
 .text.svcCreateThread
                0x001062b0       0x20 C:/devkitPro/libctru/lib\libctru.a(svc.o)
                0x001062b0                svcCreateThread
 .text.svcExitThread
                0x001062d0        0x8 C:/devkitPro/libctru/lib\libctru.a(svc.o)
                0x001062d0                svcExitThread
 .text.svcSleepThread
                0x001062d8        0x8 C:/devkitPro/libctru/lib\libctru.a(svc.o)
                0x001062d8                svcSleepThread
 .text.svcReleaseMutex
                0x001062e0        0x8 C:/devkitPro/libctru/lib\libctru.a(svc.o)
                0x001062e0                svcReleaseMutex
 .text.svcCreateEvent
                0x001062e8       0x14 C:/devkitPro/libctru/lib\libctru.a(svc.o)
                0x001062e8                svcCreateEvent
 .text.svcSignalEvent
                0x001062fc        0x8 C:/devkitPro/libctru/lib\libctru.a(svc.o)
                0x001062fc                svcSignalEvent
 .text.svcClearEvent
                0x00106304        0x8 C:/devkitPro/libctru/lib\libctru.a(svc.o)
                0x00106304                svcClearEvent
 .text.svcMapMemoryBlock
                0x0010630c        0x8 C:/devkitPro/libctru/lib\libctru.a(svc.o)
                0x0010630c                svcMapMemoryBlock
 .text.svcUnmapMemoryBlock
                0x00106314        0x8 C:/devkitPro/libctru/lib\libctru.a(svc.o)
                0x00106314                svcUnmapMemoryBlock
 .text.svcCreateAddressArbiter
                0x0010631c       0x14 C:/devkitPro/libctru/lib\libctru.a(svc.o)
                0x0010631c                svcCreateAddressArbiter
 .text.svcArbitrateAddressNoTimeout
                0x00106330        0x8 C:/devkitPro/libctru/lib\libctru.a(svc.o)
                0x00106330                svcArbitrateAddressNoTimeout
 .text.svcCloseHandle
                0x00106338        0x8 C:/devkitPro/libctru/lib\libctru.a(svc.o)
                0x00106338                svcCloseHandle
 .text.svcWaitSynchronization
                0x00106340        0x8 C:/devkitPro/libctru/lib\libctru.a(svc.o)
                0x00106340                svcWaitSynchronization
 .text.svcWaitSynchronizationN
                0x00106348       0x28 C:/devkitPro/libctru/lib\libctru.a(svc.o)
                0x00106348                svcWaitSynchronizationN
 .text.svcDuplicateHandle
                0x00106370       0x14 C:/devkitPro/libctru/lib\libctru.a(svc.o)
                0x00106370                svcDuplicateHandle
 .text.svcConnectToPort
                0x00106384       0x14 C:/devkitPro/libctru/lib\libctru.a(svc.o)
                0x00106384                svcConnectToPort
 .text.svcSendSyncRequest
                0x00106398        0x8 C:/devkitPro/libctru/lib\libctru.a(svc.o)
                0x00106398                svcSendSyncRequest
 .text.svcGetResourceLimit
                0x001063a0       0x14 C:/devkitPro/libctru/lib\libctru.a(svc.o)
                0x001063a0                svcGetResourceLimit
 .text.svcGetResourceLimitLimitValues
                0x001063b4        0x8 C:/devkitPro/libctru/lib\libctru.a(svc.o)
                0x001063b4                svcGetResourceLimitLimitValues
 .text.svcGetResourceLimitCurrentValues
                0x001063bc        0x8 C:/devkitPro/libctru/lib\libctru.a(svc.o)
                0x001063bc                svcGetResourceLimitCurrentValues
 .text.svcBreak
                0x001063c4        0x8 C:/devkitPro/libctru/lib\libctru.a(svc.o)
                0x001063c4                svcBreak
 .text.initSystem
                0x001063cc       0x50 C:/devkitPro/libctru/lib\libctru.a(stack_adjust.o)
                0x001063cc                initSystem
 .text.__ctru_exit
                0x0010641c       0x14 C:/devkitPro/libctru/lib\libctru.a(stack_adjust.o)
                0x0010641c                __ctru_exit
 .text._ZL21addrMapNodeComparatorPK11rbtree_nodeS1_
                0x00106430       0x24 C:/devkitPro/libctru/lib\libctru.a(linear.o)
 .text._ZL21addrMapNodeDestructorP11rbtree_node
                0x00106454        0x4 C:/devkitPro/libctru/lib\libctru.a(linear.o)
 .text.linearMemAlign
                0x00106458      0x120 C:/devkitPro/libctru/lib\libctru.a(linear.o)
                0x00106458                linearMemAlign
 .text.linearAlloc
                0x00106578        0x8 C:/devkitPro/libctru/lib\libctru.a(linear.o)
                0x00106578                linearAlloc
 .text.linearFree
                0x00106580       0x5c C:/devkitPro/libctru/lib\libctru.a(linear.o)
                0x00106580                linearFree
 .text._ZN7MemPool13CoalesceRightEP8MemBlock
                0x001065dc       0x80 C:/devkitPro/libctru/lib\libctru.a(mem_pool.o)
                0x001065dc                MemPool::CoalesceRight(MemBlock*)
 .text._ZN7MemPool8AllocateER8MemChunkmi
                0x0010665c      0x16c C:/devkitPro/libctru/lib\libctru.a(mem_pool.o)
                0x0010665c                MemPool::Allocate(MemChunk&, unsigned long, int)
 .text._ZN7MemPool10DeallocateERK8MemChunk
                0x001067c8       0xfc C:/devkitPro/libctru/lib\libctru.a(mem_pool.o)
                0x001067c8                MemPool::Deallocate(MemChunk const&)
 .text._ZN7MemPool12GetFreeSpaceEv
                0x001068c4       0x30 C:/devkitPro/libctru/lib\libctru.a(mem_pool.o)
                0x001068c4                MemPool::GetFreeSpace()
 .text._ZL21addrMapNodeComparatorPK11rbtree_nodeS1_
                0x001068f4       0x24 C:/devkitPro/libctru/lib\libctru.a(vram.o)
 .text._ZL21addrMapNodeDestructorP11rbtree_node
                0x00106918        0x4 C:/devkitPro/libctru/lib\libctru.a(vram.o)
 .text.vramMemAlignAt
                0x0010691c      0x24c C:/devkitPro/libctru/lib\libctru.a(vram.o)
                0x0010691c                vramMemAlignAt
 .text.vramAlloc
                0x00106b68        0xc C:/devkitPro/libctru/lib\libctru.a(vram.o)
                0x00106b68                vramAlloc
 .text.vramFree
                0x00106b74       0x90 C:/devkitPro/libctru/lib\libctru.a(vram.o)
                0x00106b74                vramFree
 .text.envGetHandle
                0x00106c04       0x84 C:/devkitPro/libctru/lib\libctru.a(env.o)
                0x00106c04                envGetHandle
 .text.envDestroyHandles
                0x00106c88       0x50 C:/devkitPro/libctru/lib\libctru.a(env.o)
                0x00106c88                envDestroyHandles
 .text.__ctru_speedup_config
                0x00106cd8       0x34 C:/devkitPro/libctru/lib\libctru.a(os.o)
                0x00106cd8                __ctru_speedup_config
 .text.__sync_init
                0x00106d0c        0xc C:/devkitPro/libctru/lib\libctru.a(synchronization.o)
                0x00106d0c                __sync_init
 .text.__sync_fini
                0x00106d18       0x18 C:/devkitPro/libctru/lib\libctru.a(synchronization.o)
                0x00106d18                __sync_fini
 .text.syncArbitrateAddress
                0x00106d30       0x2c C:/devkitPro/libctru/lib\libctru.a(synchronization.o)
                0x00106d30                syncArbitrateAddress
 .text.LightLock_Lock
                0x00106d5c       0xac C:/devkitPro/libctru/lib\libctru.a(synchronization.o)
                0x00106d5c                LightLock_Lock
 .text.LightLock_Unlock
                0x00106e08       0x40 C:/devkitPro/libctru/lib\libctru.a(synchronization.o)
                0x00106e08                LightLock_Unlock
 .text.RecursiveLock_Lock
                0x00106e48       0x30 C:/devkitPro/libctru/lib\libctru.a(synchronization.o)
                0x00106e48                RecursiveLock_Lock
 .text.RecursiveLock_Unlock
                0x00106e78       0x54 C:/devkitPro/libctru/lib\libctru.a(synchronization.o)
                0x00106e78                RecursiveLock_Unlock
 .text.LightEvent_Init
                0x00106ecc       0x40 C:/devkitPro/libctru/lib\libctru.a(synchronization.o)
                0x00106ecc                LightEvent_Init
 .text.LightEvent_Clear
                0x00106f0c       0xa4 C:/devkitPro/libctru/lib\libctru.a(synchronization.o)
                0x00106f0c                LightEvent_Clear
 .text.LightEvent_Signal
                0x00106fb0       0xc8 C:/devkitPro/libctru/lib\libctru.a(synchronization.o)
                0x00106fb0                LightEvent_Signal
 .text.LightEvent_TryWait
                0x00107078       0x50 C:/devkitPro/libctru/lib\libctru.a(synchronization.o)
                0x00107078                LightEvent_TryWait
 .text.LightEvent_Wait
                0x001070c8       0xa0 C:/devkitPro/libctru/lib\libctru.a(synchronization.o)
                0x001070c8                LightEvent_Wait
 .text.threadCreate
                0x00107168      0x1d8 C:/devkitPro/libctru/lib\libctru.a(thread.o)
                0x00107168                threadCreate
 .text.threadFree
                0x00107340       0x2c C:/devkitPro/libctru/lib\libctru.a(thread.o)
                0x00107340                threadFree
 .text.threadJoin
                0x0010736c       0x24 C:/devkitPro/libctru/lib\libctru.a(thread.o)
                0x0010736c                threadJoin
 .text.threadGetCurrent
                0x00107390       0x30 C:/devkitPro/libctru/lib\libctru.a(thread.o)
                0x00107390                threadGetCurrent
 .text.threadExit
                0x001073c0       0x40 C:/devkitPro/libctru/lib\libctru.a(thread.o)
                0x001073c0                threadExit
 .text._thread_begin
                0x00107400       0x20 C:/devkitPro/libctru/lib\libctru.a(thread.o)
 .text.mappableFindAddressWithin
                0x00107420       0xb4 C:/devkitPro/libctru/lib\libctru.a(mappable.o)
 .text.mappableInit
                0x001074d4       0x28 C:/devkitPro/libctru/lib\libctru.a(mappable.o)
                0x001074d4                mappableInit
 .text.mappableAlloc
                0x001074fc       0x80 C:/devkitPro/libctru/lib\libctru.a(mappable.o)
                0x001074fc                mappableAlloc
 .text.mappableFree
                0x0010757c        0x4 C:/devkitPro/libctru/lib\libctru.a(mappable.o)
                0x0010757c                mappableFree
 .text.ptmSysmInit
                0x00107580       0x74 C:/devkitPro/libctru/lib\libctru.a(ptmsysm.o)
                0x00107580                ptmSysmInit
 .text.ptmSysmExit
                0x001075f4       0x3c C:/devkitPro/libctru/lib\libctru.a(ptmsysm.o)
                0x001075f4                ptmSysmExit
 .text.PTMSYSM_ConfigureNew3DSCPU
                0x00107630       0x34 C:/devkitPro/libctru/lib\libctru.a(ptmsysm.o)
                0x00107630                PTMSYSM_ConfigureNew3DSCPU
 .text.rbtree_find
                0x00107664       0x74 C:/devkitPro/libctru/lib\libctru.a(rbtree_find.o)
                0x00107664                rbtree_find
 .text.rbtree_init
                0x001076d8       0x10 C:/devkitPro/libctru/lib\libctru.a(rbtree_init.o)
                0x001076d8                rbtree_init
 .text.do_insert
                0x001076e8      0x1b0 C:/devkitPro/libctru/lib\libctru.a(rbtree_insert.o)
 .text.rbtree_insert
                0x00107898        0x8 C:/devkitPro/libctru/lib\libctru.a(rbtree_insert.o)
                0x00107898                rbtree_insert
 .text.rbtree_remove
                0x001078a0      0x318 C:/devkitPro/libctru/lib\libctru.a(rbtree_remove.o)
                0x001078a0                rbtree_remove
 .text.rbtree_rotate
                0x00107bb8       0x90 C:/devkitPro/libctru/lib\libctru.a(rbtree_rotate.o)
                0x00107bb8                rbtree_rotate
 .text.__system_allocateHeaps
                0x00107c48      0x1e0 C:/devkitPro/libctru/lib\libctru.a(allocateHeaps.o)
                0x00107c48                __system_allocateHeaps
 .text.__appExit
                0x00107e28       0x30 C:/devkitPro/libctru/lib\libctru.a(appExit.o)
                0x00107e28                __appExit
 .text.__appInit
                0x00107e58       0x30 C:/devkitPro/libctru/lib\libctru.a(appInit.o)
                0x00107e58                __appInit
 .text.__libctru_exit
                0x00107e88       0x90 C:/devkitPro/libctru/lib\libctru.a(ctru_exit.o)
                0x00107e88                __libctru_exit
 .text.archive_link
                0x00107f18       0x14 C:/devkitPro/libctru/lib\libctru.a(archive_dev.o)
 .text.archive_dirreset
                0x00107f2c       0x14 C:/devkitPro/libctru/lib\libctru.a(archive_dev.o)
 .text.archive_chmod
                0x00107f40       0x14 C:/devkitPro/libctru/lib\libctru.a(archive_dev.o)
 .text.error_cmp
                0x00107f54       0x24 C:/devkitPro/libctru/lib\libctru.a(archive_dev.o)
 .text.archive_translate_error
                0x00107f78       0x50 C:/devkitPro/libctru/lib\libctru.a(archive_dev.o)
 .text.archive_seek
                0x00107fc8       0xc8 C:/devkitPro/libctru/lib\libctru.a(archive_dev.o)
 .text._archiveInit.part.0
                0x00108090       0x7c C:/devkitPro/libctru/lib\libctru.a(archive_dev.o)
 .text.archiveFindDevice.part.0
                0x0010810c       0xc4 C:/devkitPro/libctru/lib\libctru.a(archive_dev.o)
 .text.archive_utf16path
                0x001081d0      0x280 C:/devkitPro/libctru/lib\libctru.a(archive_dev.o)
 .text._archiveUnmountDeviceStruct.part.0
                0x00108450       0x9c C:/devkitPro/libctru/lib\libctru.a(archive_dev.o)
 .text.archive_fchmod
                0x001084ec       0x14 C:/devkitPro/libctru/lib\libctru.a(archive_dev.o)
 .text.archive_statvfs
                0x00108500       0x14 C:/devkitPro/libctru/lib\libctru.a(archive_dev.o)
 .text._archiveMountDevice
                0x00108514      0x164 C:/devkitPro/libctru/lib\libctru.a(archive_dev.o)
 .text.archive_diropen
                0x00108678       0xe8 C:/devkitPro/libctru/lib\libctru.a(archive_dev.o)
 .text.archive_fstat
                0x00108760       0xa4 C:/devkitPro/libctru/lib\libctru.a(archive_dev.o)
 .text.archive_fsync
                0x00108804       0x6c C:/devkitPro/libctru/lib\libctru.a(archive_dev.o)
 .text.archive_close
                0x00108870       0x6c C:/devkitPro/libctru/lib\libctru.a(archive_dev.o)
 .text.archive_dirclose
                0x001088dc       0x70 C:/devkitPro/libctru/lib\libctru.a(archive_dev.o)
 .text.sdmc_statvfs
                0x0010894c       0xe8 C:/devkitPro/libctru/lib\libctru.a(archive_dev.o)
 .text.archive_chdir
                0x00108a34       0xec C:/devkitPro/libctru/lib\libctru.a(archive_dev.o)
 .text.archive_ftruncate
                0x00108b20       0x7c C:/devkitPro/libctru/lib\libctru.a(archive_dev.o)
 .text.archive_read
                0x00108b9c       0xac C:/devkitPro/libctru/lib\libctru.a(archive_dev.o)
 .text.archive_unlink
                0x00108c48       0xa4 C:/devkitPro/libctru/lib\libctru.a(archive_dev.o)
 .text.archive_rmdir
                0x00108cec       0xbc C:/devkitPro/libctru/lib\libctru.a(archive_dev.o)
 .text.archive_mkdir
                0x00108da8       0xdc C:/devkitPro/libctru/lib\libctru.a(archive_dev.o)
 .text.archive_stat
                0x00108e84      0x194 C:/devkitPro/libctru/lib\libctru.a(archive_dev.o)
 .text.archive_dirnext
                0x00109018      0x160 C:/devkitPro/libctru/lib\libctru.a(archive_dev.o)
 .text.archive_write
                0x00109178      0x124 C:/devkitPro/libctru/lib\libctru.a(archive_dev.o)
 .text.archive_open
                0x0010929c      0x20c C:/devkitPro/libctru/lib\libctru.a(archive_dev.o)
 .text.archive_rename
                0x001094a8      0x278 C:/devkitPro/libctru/lib\libctru.a(archive_dev.o)
 .text.archiveMountSdmc
                0x00109720      0x19c C:/devkitPro/libctru/lib\libctru.a(archive_dev.o)
                0x00109720                archiveMountSdmc
 .text.archiveUnmountAll
                0x001098bc       0x54 C:/devkitPro/libctru/lib\libctru.a(archive_dev.o)
                0x001098bc                archiveUnmountAll
 .text.fsInit   0x00109910       0xcc C:/devkitPro/libctru/lib\libctru.a(fs.o)
                0x00109910                fsInit
 .text.fsExit   0x001099dc       0x3c C:/devkitPro/libctru/lib\libctru.a(fs.o)
                0x001099dc                fsExit
 .text.fsExemptFromSession
                0x00109a18       0x60 C:/devkitPro/libctru/lib\libctru.a(fs.o)
                0x00109a18                fsExemptFromSession
 .text.fsUnexemptFromSession
                0x00109a78       0x50 C:/devkitPro/libctru/lib\libctru.a(fs.o)
                0x00109a78                fsUnexemptFromSession
 .text.FSUSER_OpenFile
                0x00109ac8       0xcc C:/devkitPro/libctru/lib\libctru.a(fs.o)
                0x00109ac8                FSUSER_OpenFile
 .text.FSUSER_DeleteFile
                0x00109b94       0xbc C:/devkitPro/libctru/lib\libctru.a(fs.o)
                0x00109b94                FSUSER_DeleteFile
 .text.FSUSER_RenameFile
                0x00109c50       0xf8 C:/devkitPro/libctru/lib\libctru.a(fs.o)
                0x00109c50                FSUSER_RenameFile
 .text.FSUSER_DeleteDirectory
                0x00109d48       0xbc C:/devkitPro/libctru/lib\libctru.a(fs.o)
                0x00109d48                FSUSER_DeleteDirectory
 .text.FSUSER_CreateFile
                0x00109e04       0xd4 C:/devkitPro/libctru/lib\libctru.a(fs.o)
                0x00109e04                FSUSER_CreateFile
 .text.FSUSER_CreateDirectory
                0x00109ed8       0xc4 C:/devkitPro/libctru/lib\libctru.a(fs.o)
                0x00109ed8                FSUSER_CreateDirectory
 .text.FSUSER_RenameDirectory
                0x00109f9c       0xf8 C:/devkitPro/libctru/lib\libctru.a(fs.o)
                0x00109f9c                FSUSER_RenameDirectory
 .text.FSUSER_OpenDirectory
                0x0010a094       0xb4 C:/devkitPro/libctru/lib\libctru.a(fs.o)
                0x0010a094                FSUSER_OpenDirectory
 .text.FSUSER_OpenArchive
                0x0010a148       0x94 C:/devkitPro/libctru/lib\libctru.a(fs.o)
                0x0010a148                FSUSER_OpenArchive
 .text.FSUSER_CloseArchive
                0x0010a1dc       0x8c C:/devkitPro/libctru/lib\libctru.a(fs.o)
                0x0010a1dc                FSUSER_CloseArchive
 .text.FSUSER_GetSdmcArchiveResource
                0x0010a268       0x74 C:/devkitPro/libctru/lib\libctru.a(fs.o)
                0x0010a268                FSUSER_GetSdmcArchiveResource
 .text.FSUSER_IsSdmcWritable
                0x0010a2dc       0x64 C:/devkitPro/libctru/lib\libctru.a(fs.o)
                0x0010a2dc                FSUSER_IsSdmcWritable
 .text.FSFILE_Read
                0x0010a340       0x58 C:/devkitPro/libctru/lib\libctru.a(fs.o)
                0x0010a340                FSFILE_Read
 .text.FSFILE_Write
                0x0010a398       0x60 C:/devkitPro/libctru/lib\libctru.a(fs.o)
                0x0010a398                FSFILE_Write
 .text.FSFILE_GetSize
                0x0010a3f8       0x38 C:/devkitPro/libctru/lib\libctru.a(fs.o)
                0x0010a3f8                FSFILE_GetSize
 .text.FSFILE_SetSize
                0x0010a430       0x28 C:/devkitPro/libctru/lib\libctru.a(fs.o)
                0x0010a430                FSFILE_SetSize
 .text.FSFILE_Close
                0x0010a458       0x3c C:/devkitPro/libctru/lib\libctru.a(fs.o)
                0x0010a458                FSFILE_Close
 .text.FSFILE_Flush
                0x0010a494       0x24 C:/devkitPro/libctru/lib\libctru.a(fs.o)
                0x0010a494                FSFILE_Flush
 .text.FSDIR_Read
                0x0010a4b8       0x50 C:/devkitPro/libctru/lib\libctru.a(fs.o)
                0x0010a4b8                FSDIR_Read
 .text.FSDIR_Close
                0x0010a508       0x3c C:/devkitPro/libctru/lib\libctru.a(fs.o)
                0x0010a508                FSDIR_Close
 .text.rbtree_node_next
                0x0010a544       0x5c C:/devkitPro/libctru/lib\libctru.a(rbtree_iterator.o)
                0x0010a544                rbtree_node_next
 .text.decode_utf8
                0x0010a5a0      0x13c C:/devkitPro/libctru/lib\libctru.a(decode_utf8.o)
                0x0010a5a0                decode_utf8
 .text.utf16_to_utf8
                0x0010a6dc       0xe8 C:/devkitPro/libctru/lib\libctru.a(utf16_to_utf8.o)
                0x0010a6dc                utf16_to_utf8
 .text.utf8_to_utf16
                0x0010a7c4       0xc0 C:/devkitPro/libctru/lib\libctru.a(utf8_to_utf16.o)
                0x0010a7c4                utf8_to_utf16
 .text.__aeabi_read_tp
                0x0010a884        0xc C:/devkitPro/libctru/lib\libctru.a(readtp.o)
                0x0010a884                __aeabi_read_tp
 .text.decode_utf16
                0x0010a890       0x64 C:/devkitPro/libctru/lib\libctru.a(decode_utf16.o)
                0x0010a890                decode_utf16
 .text.encode_utf16
                0x0010a8f4       0x54 C:/devkitPro/libctru/lib\libctru.a(encode_utf16.o)
                0x0010a8f4                encode_utf16
 .text.encode_utf8
                0x0010a948       0xe0 C:/devkitPro/libctru/lib\libctru.a(encode_utf8.o)
                0x0010a948                encode_utf8
 .text.__udivmoddi4
                0x0010aa28      0x120 C:/devkitPro/devkitARM/bin/../lib/gcc/arm-none-eabi/13.2.0/armv6k/fpu\libgcc.a(_udivmoddi4.o)
                0x0010aa28                __udivmoddi4
 .text.printf   0x0010ab48       0x34 C:/devkitPro/devkitARM/bin/../lib/gcc/arm-none-eabi/13.2.0/../../../../arm-none-eabi/lib/armv6k/fpu\libg.a(libc_a-printf.o)
                0x0010ab48                printf
 .text.memalign
                0x0010ab7c       0x20 C:/devkitPro/devkitARM/bin/../lib/gcc/arm-none-eabi/13.2.0/../../../../arm-none-eabi/lib/armv6k/fpu\libg.a(libc_a-malign.o)
                0x0010ab7c                memalign
 .text._memalign_r
                0x0010ab9c      0x14c C:/devkitPro/devkitARM/bin/../lib/gcc/arm-none-eabi/13.2.0/../../../../arm-none-eabi/lib/armv6k/fpu\libg.a(libc_a-malignr.o)
                0x0010ab9c                _memalign_r
 .text.bsearch  0x0010ace8       0x78 C:/devkitPro/devkitARM/bin/../lib/gcc/arm-none-eabi/13.2.0/../../../../arm-none-eabi/lib/armv6k/fpu\libg.a(libc_a-bsearch.o)
                0x0010ace8                bsearch
 .text.sscanf   0x0010ad60       0x74 C:/devkitPro/devkitARM/bin/../lib/gcc/arm-none-eabi/13.2.0/../../../../arm-none-eabi/lib/armv6k/fpu\libg.a(libc_a-sscanf.o)
                0x0010ad60                sscanf
 .text.__sread  0x0010add4       0x44 C:/devkitPro/devkitARM/bin/../lib/gcc/arm-none-eabi/13.2.0/../../../../arm-none-eabi/lib/armv6k/fpu\libg.a(libc_a-stdio.o)
                0x0010add4                __sread
 .text.__seofread
                0x0010ae18        0x8 C:/devkitPro/devkitARM/bin/../lib/gcc/arm-none-eabi/13.2.0/../../../../arm-none-eabi/lib/armv6k/fpu\libg.a(libc_a-stdio.o)
                0x0010ae18                __seofread
 .text.__swrite
                0x0010ae20       0x68 C:/devkitPro/devkitARM/bin/../lib/gcc/arm-none-eabi/13.2.0/../../../../arm-none-eabi/lib/armv6k/fpu\libg.a(libc_a-stdio.o)
                0x0010ae20                __swrite
 .text.__sseek  0x0010ae88       0x44 C:/devkitPro/devkitARM/bin/../lib/gcc/arm-none-eabi/13.2.0/../../../../arm-none-eabi/lib/armv6k/fpu\libg.a(libc_a-stdio.o)
                0x0010ae88                __sseek
 .text.__sclose
                0x0010aecc        0x8 C:/devkitPro/devkitARM/bin/../lib/gcc/arm-none-eabi/13.2.0/../../../../arm-none-eabi/lib/armv6k/fpu\libg.a(libc_a-stdio.o)
                0x0010aecc                __sclose
 .text.setvbuf  0x0010aed4      0x25c C:/devkitPro/devkitARM/bin/../lib/gcc/arm-none-eabi/13.2.0/../../../../arm-none-eabi/lib/armv6k/fpu\libg.a(libc_a-setvbuf.o)
                0x0010aed4                setvbuf
 .text.__call_exitprocs
                0x0010b130        0x4 C:/devkitPro/devkitARM/bin/../lib/gcc/arm-none-eabi/13.2.0/../../../../arm-none-eabi/lib/armv6k/fpu\libg.a(libc_a-exit.o)
                0x0010b130                __call_exitprocs
 .text.exit     0x0010b134       0x30 C:/devkitPro/devkitARM/bin/../lib/gcc/arm-none-eabi/13.2.0/../../../../arm-none-eabi/lib/armv6k/fpu\libg.a(libc_a-exit.o)
                0x0010b134                exit
 .text._malloc_trim_r
                0x0010b164       0xf8 C:/devkitPro/devkitARM/bin/../lib/gcc/arm-none-eabi/13.2.0/../../../../arm-none-eabi/lib/armv6k/fpu\libg.a(libc_a-freer.o)
                0x0010b164                _malloc_trim_r
 .text._free_r  0x0010b25c      0x2e8 C:/devkitPro/devkitARM/bin/../lib/gcc/arm-none-eabi/13.2.0/../../../../arm-none-eabi/lib/armv6k/fpu\libg.a(libc_a-freer.o)
                0x0010b25c                _free_r
 .text.malloc   0x0010b544       0x18 C:/devkitPro/devkitARM/bin/../lib/gcc/arm-none-eabi/13.2.0/../../../../arm-none-eabi/lib/armv6k/fpu\libg.a(libc_a-malloc.o)
                0x0010b544                malloc
 .text.free     0x0010b55c       0x18 C:/devkitPro/devkitARM/bin/../lib/gcc/arm-none-eabi/13.2.0/../../../../arm-none-eabi/lib/armv6k/fpu\libg.a(libc_a-malloc.o)
                0x0010b55c                free
 .text.get_arg  0x0010b574       0x50 C:/devkitPro/devkitARM/bin/../lib/gcc/arm-none-eabi/13.2.0/../../../../arm-none-eabi/lib/armv6k/fpu\libg.a(libc_a-svfscanf.o)
 .text.__ssvfscanf_r
                0x0010b5c4     0x2bf8 C:/devkitPro/devkitARM/bin/../lib/gcc/arm-none-eabi/13.2.0/../../../../arm-none-eabi/lib/armv6k/fpu\libg.a(libc_a-svfscanf.o)
                0x0010b5c4                __ssvfscanf_r
 .text._malloc_r
                0x0010e1bc      0x79c C:/devkitPro/devkitARM/bin/../lib/gcc/arm-none-eabi/13.2.0/../../../../arm-none-eabi/lib/armv6k/fpu\libg.a(libc_a-mallocr.o)
                0x0010e1bc                _malloc_r
 .text.memset   0x0010e958       0xf4 C:/devkitPro/devkitARM/bin/../lib/gcc/arm-none-eabi/13.2.0/../../../../arm-none-eabi/lib/armv6k/fpu\libg.a(libc_a-memset.o)
                0x0010e958                memset
 .text.__malloc_lock
                0x0010ea4c        0xc C:/devkitPro/devkitARM/bin/../lib/gcc/arm-none-eabi/13.2.0/../../../../arm-none-eabi/lib/armv6k/fpu\libg.a(libc_a-mlock.o)
                0x0010ea4c                __malloc_lock
 .text.__malloc_unlock
                0x0010ea58        0xc C:/devkitPro/devkitARM/bin/../lib/gcc/arm-none-eabi/13.2.0/../../../../arm-none-eabi/lib/armv6k/fpu\libg.a(libc_a-mlock.o)
                0x0010ea58                __malloc_unlock
 .text.get_arg  0x0010ea64      0x64c C:/devkitPro/devkitARM/bin/../lib/gcc/arm-none-eabi/13.2.0/../../../../arm-none-eabi/lib/armv6k/fpu\libg.a(libc_a-vfprintf.o)
 .text._vfprintf_r
                0x0010f0b0     0x3378 C:/devkitPro/devkitARM/bin/../lib/gcc/arm-none-eabi/13.2.0/../../../../arm-none-eabi/lib/armv6k/fpu\libg.a(libc_a-vfprintf.o)
                0x0010f0b0                _vfprintf_r
 .text.__sbprintf
                0x00112428       0xb8 C:/devkitPro/devkitARM/bin/../lib/gcc/arm-none-eabi/13.2.0/../../../../arm-none-eabi/lib/armv6k/fpu\libg.a(libc_a-vfprintf.o)
 .text.strlen   0x001124e0       0x90 C:/devkitPro/devkitARM/bin/../lib/gcc/arm-none-eabi/13.2.0/../../../../arm-none-eabi/lib/armv6k/fpu\libg.a(libc_a-strlen.o)
                0x001124e0                strlen
 .text.__sflush_r
                0x00112570      0x22c C:/devkitPro/devkitARM/bin/../lib/gcc/arm-none-eabi/13.2.0/../../../../arm-none-eabi/lib/armv6k/fpu\libg.a(libc_a-fflush.o)
                0x00112570                __sflush_r
 .text._fflush_r
                0x0011279c       0x94 C:/devkitPro/devkitARM/bin/../lib/gcc/arm-none-eabi/13.2.0/../../../../arm-none-eabi/lib/armv6k/fpu\libg.a(libc_a-fflush.o)
                0x0011279c                _fflush_r
 .text.strncat  0x00112830       0xe4 C:/devkitPro/devkitARM/bin/../lib/gcc/arm-none-eabi/13.2.0/../../../../arm-none-eabi/lib/armv6k/fpu\libg.a(libc_a-strncat.o)
                0x00112830                strncat
 .text.strncmp  0x00112914       0xe4 C:/devkitPro/devkitARM/bin/../lib/gcc/arm-none-eabi/13.2.0/../../../../arm-none-eabi/lib/armv6k/fpu\libg.a(libc_a-strncmp.o)
                0x00112914                strncmp
 .text._fwalk_sglue
                0x001129f8       0x70 C:/devkitPro/devkitARM/bin/../lib/gcc/arm-none-eabi/13.2.0/../../../../arm-none-eabi/lib/armv6k/fpu\libg.a(libc_a-fwalk.o)
                0x001129f8                _fwalk_sglue
 .text.strncpy  0x00112a68       0xc4 C:/devkitPro/devkitARM/bin/../lib/gcc/arm-none-eabi/13.2.0/../../../../arm-none-eabi/lib/armv6k/fpu\libg.a(libc_a-strncpy.o)
                0x00112a68                strncpy
 .text.stdio_exit_handler
                0x00112b2c       0x1c C:/devkitPro/devkitARM/bin/../lib/gcc/arm-none-eabi/13.2.0/../../../../arm-none-eabi/lib/armv6k/fpu\libg.a(libc_a-findfp.o)
 .text.cleanup_stdio
                0x00112b48       0x5c C:/devkitPro/devkitARM/bin/../lib/gcc/arm-none-eabi/13.2.0/../../../../arm-none-eabi/lib/armv6k/fpu\libg.a(libc_a-findfp.o)
 .text.global_stdio_init.part.0
                0x00112ba4      0x154 C:/devkitPro/devkitARM/bin/../lib/gcc/arm-none-eabi/13.2.0/../../../../arm-none-eabi/lib/armv6k/fpu\libg.a(libc_a-findfp.o)
 .text.__sinit  0x00112cf8       0x5c C:/devkitPro/devkitARM/bin/../lib/gcc/arm-none-eabi/13.2.0/../../../../arm-none-eabi/lib/armv6k/fpu\libg.a(libc_a-findfp.o)
                0x00112cf8                __sinit
 .text.__sfp_lock_acquire
                0x00112d54        0xc C:/devkitPro/devkitARM/bin/../lib/gcc/arm-none-eabi/13.2.0/../../../../arm-none-eabi/lib/armv6k/fpu\libg.a(libc_a-findfp.o)
                0x00112d54                __sfp_lock_acquire
 .text.__sfp_lock_release
                0x00112d60        0xc C:/devkitPro/devkitARM/bin/../lib/gcc/arm-none-eabi/13.2.0/../../../../arm-none-eabi/lib/armv6k/fpu\libg.a(libc_a-findfp.o)
                0x00112d60                __sfp_lock_release
 .text.strnlen  0x00112d6c       0x48 C:/devkitPro/devkitARM/bin/../lib/gcc/arm-none-eabi/13.2.0/../../../../arm-none-eabi/lib/armv6k/fpu\libg.a(libc_a-strnlen.o)
                0x00112d6c                strnlen
 .text.sulp     0x00112db4       0x64 C:/devkitPro/devkitARM/bin/../lib/gcc/arm-none-eabi/13.2.0/../../../../arm-none-eabi/lib/armv6k/fpu\libg.a(libc_a-strtod.o)
 .text._strtod_l
                0x00112e18     0x13a4 C:/devkitPro/devkitARM/bin/../lib/gcc/arm-none-eabi/13.2.0/../../../../arm-none-eabi/lib/armv6k/fpu\libg.a(libc_a-strtod.o)
                0x00112e18                _strtod_l
 .text._strtod_r
                0x001141bc       0x3c C:/devkitPro/devkitARM/bin/../lib/gcc/arm-none-eabi/13.2.0/../../../../arm-none-eabi/lib/armv6k/fpu\libg.a(libc_a-strtod.o)
                0x001141bc                _strtod_r
 .text._strtol_l.part.0
                0x001141f8      0x1b0 C:/devkitPro/devkitARM/bin/../lib/gcc/arm-none-eabi/13.2.0/../../../../arm-none-eabi/lib/armv6k/fpu\libg.a(libc_a-strtol.o)
 .text._strtol_r
                0x001143a8       0x60 C:/devkitPro/devkitARM/bin/../lib/gcc/arm-none-eabi/13.2.0/../../../../arm-none-eabi/lib/armv6k/fpu\libg.a(libc_a-strtol.o)
                0x001143a8                _strtol_r
 .text.realloc  0x00114408       0x20 C:/devkitPro/devkitARM/bin/../lib/gcc/arm-none-eabi/13.2.0/../../../../arm-none-eabi/lib/armv6k/fpu\libg.a(libc_a-realloc.o)
                0x00114408                realloc
 .text._strtoul_l.isra.0
                0x00114428      0x1d8 C:/devkitPro/devkitARM/bin/../lib/gcc/arm-none-eabi/13.2.0/../../../../arm-none-eabi/lib/armv6k/fpu\libg.a(libc_a-strtoul.o)
 .text._strtoul_r
                0x00114600       0x30 C:/devkitPro/devkitARM/bin/../lib/gcc/arm-none-eabi/13.2.0/../../../../arm-none-eabi/lib/armv6k/fpu\libg.a(libc_a-strtoul.o)
                0x00114600                _strtoul_r
 .text.strtoul  0x00114630       0x34 C:/devkitPro/devkitARM/bin/../lib/gcc/arm-none-eabi/13.2.0/../../../../arm-none-eabi/lib/armv6k/fpu\libg.a(libc_a-strtoul.o)
                0x00114630                strtoul
 .text.__locale_mb_cur_max
                0x00114664       0x24 C:/devkitPro/devkitARM/bin/../lib/gcc/arm-none-eabi/13.2.0/../../../../arm-none-eabi/lib/armv6k/fpu\libg.a(libc_a-locale.o)
                0x00114664                __locale_mb_cur_max
 .text._localeconv_r
                0x00114688       0x24 C:/devkitPro/devkitARM/bin/../lib/gcc/arm-none-eabi/13.2.0/../../../../arm-none-eabi/lib/armv6k/fpu\libg.a(libc_a-localeconv.o)
                0x00114688                _localeconv_r
 .text.memchr   0x001146ac       0xe0 C:/devkitPro/devkitARM/bin/../lib/gcc/arm-none-eabi/13.2.0/../../../../arm-none-eabi/lib/armv6k/fpu\libg.a(libc_a-memchr-stub.o)
                0x001146ac                memchr
 .text.__utf8_wctomb
                0x0011478c       0xf0 C:/devkitPro/devkitARM/bin/../lib/gcc/arm-none-eabi/13.2.0/../../../../arm-none-eabi/lib/armv6k/fpu\libg.a(libc_a-wctomb_r.o)
                0x0011478c                __utf8_wctomb
 .text.memcpy   0x0011487c      0x11c C:/devkitPro/devkitARM/bin/../lib/gcc/arm-none-eabi/13.2.0/../../../../arm-none-eabi/lib/armv6k/fpu\libg.a(libc_a-memcpy-stub.o)
                0x0011487c                memcpy
 .text.stpncpy  0x00114998       0xdc C:/devkitPro/devkitARM/bin/../lib/gcc/arm-none-eabi/13.2.0/../../../../arm-none-eabi/lib/armv6k/fpu\libg.a(libc_a-stpncpy.o)
                0x00114998                stpncpy
 .text.__libc_init_array
                0x00114a74       0x84 C:/devkitPro/devkitARM/bin/../lib/gcc/arm-none-eabi/13.2.0/../../../../arm-none-eabi/lib/armv6k/fpu\libg.a(libc_a-init.o)
                0x00114a74                __libc_init_array
 .text.__libc_fini_array
                0x00114af8       0x3c C:/devkitPro/devkitARM/bin/../lib/gcc/arm-none-eabi/13.2.0/../../../../arm-none-eabi/lib/armv6k/fpu\libg.a(libc_a-fini.o)
                0x00114af8                __libc_fini_array
 .text.__errno  0x00114b34        0xc C:/devkitPro/devkitARM/bin/../lib/gcc/arm-none-eabi/13.2.0/../../../../arm-none-eabi/lib/armv6k/fpu\libg.a(libc_a-errno.o)
                0x00114b34                __errno
 .text.nan      0x00114b40       0x10 C:/devkitPro/devkitARM/bin/../lib/gcc/arm-none-eabi/13.2.0/../../../../arm-none-eabi/lib/armv6k/fpu\libg.a(libm_a-s_nan.o)
                0x00114b40                nan
 .text.nanf     0x00114b50        0xc C:/devkitPro/devkitARM/bin/../lib/gcc/arm-none-eabi/13.2.0/../../../../arm-none-eabi/lib/armv6k/fpu\libg.a(libm_a-sf_nan.o)
                0x00114b50                nanf
 *fill*         0x00114b5c        0x4 
 .text.frexp    0x00114b60       0x88 C:/devkitPro/devkitARM/bin/../lib/gcc/arm-none-eabi/13.2.0/../../../../arm-none-eabi/lib/armv6k/fpu\libg.a(libm_a-s_frexp.o)
                0x00114b60                frexp
 .text._strtoll_l.isra.0
                0x00114be8      0x234 C:/devkitPro/devkitARM/bin/../lib/gcc/arm-none-eabi/13.2.0/../../../../arm-none-eabi/lib/armv6k/fpu\libg.a(libc_a-strtoll.o)
 .text._strtoll_r
                0x00114e1c       0x30 C:/devkitPro/devkitARM/bin/../lib/gcc/arm-none-eabi/13.2.0/../../../../arm-none-eabi/lib/armv6k/fpu\libg.a(libc_a-strtoll.o)
                0x00114e1c                _strtoll_r
 .text._strtoull_l.isra.0
                0x00114e4c      0x25c C:/devkitPro/devkitARM/bin/../lib/gcc/arm-none-eabi/13.2.0/../../../../arm-none-eabi/lib/armv6k/fpu\libg.a(libc_a-strtoull.o)
 .text._strtoull_r
                0x001150a8       0x30 C:/devkitPro/devkitARM/bin/../lib/gcc/arm-none-eabi/13.2.0/../../../../arm-none-eabi/lib/armv6k/fpu\libg.a(libc_a-strtoull.o)
                0x001150a8                _strtoull_r
 .text.iswspace
                0x001150d8        0x8 C:/devkitPro/devkitARM/bin/../lib/gcc/arm-none-eabi/13.2.0/../../../../arm-none-eabi/lib/armv6k/fpu\libg.a(libc_a-iswspace.o)
                0x001150d8                iswspace
 .text._mbrtowc_r
                0x001150e0       0xb4 C:/devkitPro/devkitARM/bin/../lib/gcc/arm-none-eabi/13.2.0/../../../../arm-none-eabi/lib/armv6k/fpu\libg.a(libc_a-mbrtowc.o)
                0x001150e0                _mbrtowc_r
 .text.__smakebuf_r
                0x00115194      0x12c C:/devkitPro/devkitARM/bin/../lib/gcc/arm-none-eabi/13.2.0/../../../../arm-none-eabi/lib/armv6k/fpu\libg.a(libc_a-makebuf.o)
                0x00115194                __smakebuf_r
 .text.__swhatbuf_r
                0x001152c0       0x8c C:/devkitPro/devkitARM/bin/../lib/gcc/arm-none-eabi/13.2.0/../../../../arm-none-eabi/lib/armv6k/fpu\libg.a(libc_a-makebuf.o)
                0x001152c0                __swhatbuf_r
 .text._wcrtomb_r
                0x0011534c       0xa0 C:/devkitPro/devkitARM/bin/../lib/gcc/arm-none-eabi/13.2.0/../../../../arm-none-eabi/lib/armv6k/fpu\libg.a(libc_a-wcrtomb.o)
                0x0011534c                _wcrtomb_r
 .text.iswspace_l
                0x001153ec       0x38 C:/devkitPro/devkitARM/bin/../lib/gcc/arm-none-eabi/13.2.0/../../../../arm-none-eabi/lib/armv6k/fpu\libg.a(libc_a-iswspace_l.o)
                0x001153ec                iswspace_l
 .text._wcsrtombs_r
                0x00115424       0x28 C:/devkitPro/devkitARM/bin/../lib/gcc/arm-none-eabi/13.2.0/../../../../arm-none-eabi/lib/armv6k/fpu\libg.a(libc_a-wcsrtombs.o)
                0x00115424                _wcsrtombs_r
 .text.sprintf  0x0011544c       0x64 C:/devkitPro/devkitARM/bin/../lib/gcc/arm-none-eabi/13.2.0/../../../../arm-none-eabi/lib/armv6k/fpu\libg.a(libc_a-sprintf.o)
                0x0011544c                sprintf
 .text.__sccl   0x001154b0       0xf0 C:/devkitPro/devkitARM/bin/../lib/gcc/arm-none-eabi/13.2.0/../../../../arm-none-eabi/lib/armv6k/fpu\libg.a(libc_a-sccl.o)
                0x001154b0                __sccl
 .text.category
                0x001155a0       0x90 C:/devkitPro/devkitARM/bin/../lib/gcc/arm-none-eabi/13.2.0/../../../../arm-none-eabi/lib/armv6k/fpu\libg.a(libc_a-categories.o)
                0x001155a0                category
 .text.get_arg  0x00115630      0x64c C:/devkitPro/devkitARM/bin/../lib/gcc/arm-none-eabi/13.2.0/../../../../arm-none-eabi/lib/armv6k/fpu\libg.a(libc_a-vfiprintf.o)
 .text.__sprint_r
                0x00115c7c       0x30 C:/devkitPro/devkitARM/bin/../lib/gcc/arm-none-eabi/13.2.0/../../../../arm-none-eabi/lib/armv6k/fpu\libg.a(libc_a-vfiprintf.o)
                0x00115c7c                __sprint_r
 .text._vfiprintf_r
                0x00115cac     0x2304 C:/devkitPro/devkitARM/bin/../lib/gcc/arm-none-eabi/13.2.0/../../../../arm-none-eabi/lib/armv6k/fpu\libg.a(libc_a-vfiprintf.o)
                0x00115cac                _vfiprintf_r
 .text.__sbprintf
                0x00117fb0       0xb8 C:/devkitPro/devkitARM/bin/../lib/gcc/arm-none-eabi/13.2.0/../../../../arm-none-eabi/lib/armv6k/fpu\libg.a(libc_a-vfiprintf.o)
 .text.__ssprint_r
                0x00118068      0x18c C:/devkitPro/devkitARM/bin/../lib/gcc/arm-none-eabi/13.2.0/../../../../arm-none-eabi/lib/armv6k/fpu\libg.a(libc_a-svfiprintf.o)
                0x00118068                __ssprint_r
 .text._sungetc_r
                0x001181f4       0xe0 C:/devkitPro/devkitARM/bin/../lib/gcc/arm-none-eabi/13.2.0/../../../../arm-none-eabi/lib/armv6k/fpu\libg.a(libc_a-svfiscanf.o)
                0x001181f4                _sungetc_r
 .text.__ssrefill_r
                0x001182d4       0x6c C:/devkitPro/devkitARM/bin/../lib/gcc/arm-none-eabi/13.2.0/../../../../arm-none-eabi/lib/armv6k/fpu\libg.a(libc_a-svfiscanf.o)
                0x001182d4                __ssrefill_r
 .text._sfread_r
                0x00118340       0xc4 C:/devkitPro/devkitARM/bin/../lib/gcc/arm-none-eabi/13.2.0/../../../../arm-none-eabi/lib/armv6k/fpu\libg.a(libc_a-svfiscanf.o)
                0x00118340                _sfread_r
 .text.__swsetup_r
                0x00118404      0x138 C:/devkitPro/devkitARM/bin/../lib/gcc/arm-none-eabi/13.2.0/../../../../arm-none-eabi/lib/armv6k/fpu\libg.a(libc_a-wsetup.o)
                0x00118404                __swsetup_r
 .text.rshift   0x0011853c       0xf0 C:/devkitPro/devkitARM/bin/../lib/gcc/arm-none-eabi/13.2.0/../../../../arm-none-eabi/lib/armv6k/fpu\libg.a(libc_a-gdtoa-gethex.o)
 .text.__gethex
                0x0011862c      0x89c C:/devkitPro/devkitARM/bin/../lib/gcc/arm-none-eabi/13.2.0/../../../../arm-none-eabi/lib/armv6k/fpu\libg.a(libc_a-gdtoa-gethex.o)
                0x0011862c                __gethex
 .text.quorem   0x00118ec8      0x1b4 C:/devkitPro/devkitARM/bin/../lib/gcc/arm-none-eabi/13.2.0/../../../../arm-none-eabi/lib/armv6k/fpu\libg.a(libc_a-dtoa.o)
 *fill*         0x0011907c        0x4 
 .text._dtoa_r  0x00119080     0x1218 C:/devkitPro/devkitARM/bin/../lib/gcc/arm-none-eabi/13.2.0/../../../../arm-none-eabi/lib/armv6k/fpu\libg.a(libc_a-dtoa.o)
                0x00119080                _dtoa_r
 .text.strchr   0x0011a298      0x130 C:/devkitPro/devkitARM/bin/../lib/gcc/arm-none-eabi/13.2.0/../../../../arm-none-eabi/lib/armv6k/fpu\libg.a(libc_a-strchr.o)
                0x0011a298                strchr
 .text._fclose_r
                0x0011a3c8      0x148 C:/devkitPro/devkitARM/bin/../lib/gcc/arm-none-eabi/13.2.0/../../../../arm-none-eabi/lib/armv6k/fpu\libg.a(libc_a-fclose.o)
                0x0011a3c8                _fclose_r
 .text.get_arg  0x0011a510      0x64c C:/devkitPro/devkitARM/bin/../lib/gcc/arm-none-eabi/13.2.0/../../../../arm-none-eabi/lib/armv6k/fpu\libg.a(libc_a-svfprintf.o)
 *fill*         0x0011ab5c        0x4 
 .text._svfprintf_r
                0x0011ab60     0x3324 C:/devkitPro/devkitARM/bin/../lib/gcc/arm-none-eabi/13.2.0/../../../../arm-none-eabi/lib/armv6k/fpu\libg.a(libc_a-svfprintf.o)
                0x0011ab60                _svfprintf_r
 .text.__match  0x0011de84       0x4c C:/devkitPro/devkitARM/bin/../lib/gcc/arm-none-eabi/13.2.0/../../../../arm-none-eabi/lib/armv6k/fpu\libg.a(libc_a-gdtoa-hexnan.o)
                0x0011de84                __match
 .text.__hexnan
                0x0011ded0      0x29c C:/devkitPro/devkitARM/bin/../lib/gcc/arm-none-eabi/13.2.0/../../../../arm-none-eabi/lib/armv6k/fpu\libg.a(libc_a-gdtoa-hexnan.o)
                0x0011ded0                __hexnan
 .text.memmove  0x0011e16c      0x150 C:/devkitPro/devkitARM/bin/../lib/gcc/arm-none-eabi/13.2.0/../../../../arm-none-eabi/lib/armv6k/fpu\libg.a(libc_a-memmove.o)
                0x0011e16c                memmove
 .text._Balloc  0x0011e2bc       0x88 C:/devkitPro/devkitARM/bin/../lib/gcc/arm-none-eabi/13.2.0/../../../../arm-none-eabi/lib/armv6k/fpu\libg.a(libc_a-mprec.o)
                0x0011e2bc                _Balloc
 .text._Bfree   0x0011e344       0x1c C:/devkitPro/devkitARM/bin/../lib/gcc/arm-none-eabi/13.2.0/../../../../arm-none-eabi/lib/armv6k/fpu\libg.a(libc_a-mprec.o)
                0x0011e344                _Bfree
 .text.__multadd
                0x0011e360       0xf4 C:/devkitPro/devkitARM/bin/../lib/gcc/arm-none-eabi/13.2.0/../../../../arm-none-eabi/lib/armv6k/fpu\libg.a(libc_a-mprec.o)
                0x0011e360                __multadd
 .text.__s2b    0x0011e454      0x110 C:/devkitPro/devkitARM/bin/../lib/gcc/arm-none-eabi/13.2.0/../../../../arm-none-eabi/lib/armv6k/fpu\libg.a(libc_a-mprec.o)
                0x0011e454                __s2b
 .text.__hi0bits
                0x0011e564       0x60 C:/devkitPro/devkitARM/bin/../lib/gcc/arm-none-eabi/13.2.0/../../../../arm-none-eabi/lib/armv6k/fpu\libg.a(libc_a-mprec.o)
                0x0011e564                __hi0bits
 .text.__lo0bits
                0x0011e5c4       0x9c C:/devkitPro/devkitARM/bin/../lib/gcc/arm-none-eabi/13.2.0/../../../../arm-none-eabi/lib/armv6k/fpu\libg.a(libc_a-mprec.o)
                0x0011e5c4                __lo0bits
 .text.__i2b    0x0011e660       0xa4 C:/devkitPro/devkitARM/bin/../lib/gcc/arm-none-eabi/13.2.0/../../../../arm-none-eabi/lib/armv6k/fpu\libg.a(libc_a-mprec.o)
                0x0011e660                __i2b
 .text.__multiply
                0x0011e704      0x204 C:/devkitPro/devkitARM/bin/../lib/gcc/arm-none-eabi/13.2.0/../../../../arm-none-eabi/lib/armv6k/fpu\libg.a(libc_a-mprec.o)
                0x0011e704                __multiply
 .text.__pow5mult
                0x0011e908      0x128 C:/devkitPro/devkitARM/bin/../lib/gcc/arm-none-eabi/13.2.0/../../../../arm-none-eabi/lib/armv6k/fpu\libg.a(libc_a-mprec.o)
                0x0011e908                __pow5mult
 .text.__lshift
                0x0011ea30      0x140 C:/devkitPro/devkitARM/bin/../lib/gcc/arm-none-eabi/13.2.0/../../../../arm-none-eabi/lib/armv6k/fpu\libg.a(libc_a-mprec.o)
                0x0011ea30                __lshift
 .text.__mcmp   0x0011eb70       0x58 C:/devkitPro/devkitARM/bin/../lib/gcc/arm-none-eabi/13.2.0/../../../../arm-none-eabi/lib/armv6k/fpu\libg.a(libc_a-mprec.o)
                0x0011eb70                __mcmp
 .text.__mdiff  0x0011ebc8      0x1fc C:/devkitPro/devkitARM/bin/../lib/gcc/arm-none-eabi/13.2.0/../../../../arm-none-eabi/lib/armv6k/fpu\libg.a(libc_a-mprec.o)
                0x0011ebc8                __mdiff
 .text.__ulp    0x0011edc4       0x68 C:/devkitPro/devkitARM/bin/../lib/gcc/arm-none-eabi/13.2.0/../../../../arm-none-eabi/lib/armv6k/fpu\libg.a(libc_a-mprec.o)
                0x0011edc4                __ulp
 .text.__b2d    0x0011ee2c       0xd0 C:/devkitPro/devkitARM/bin/../lib/gcc/arm-none-eabi/13.2.0/../../../../arm-none-eabi/lib/armv6k/fpu\libg.a(libc_a-mprec.o)
                0x0011ee2c                __b2d
 .text.__d2b    0x0011eefc      0x124 C:/devkitPro/devkitARM/bin/../lib/gcc/arm-none-eabi/13.2.0/../../../../arm-none-eabi/lib/armv6k/fpu\libg.a(libc_a-mprec.o)
                0x0011eefc                __d2b
 .text.__ratio  0x0011f020       0x78 C:/devkitPro/devkitARM/bin/../lib/gcc/arm-none-eabi/13.2.0/../../../../arm-none-eabi/lib/armv6k/fpu\libg.a(libc_a-mprec.o)
                0x0011f020                __ratio
 .text.__copybits
                0x0011f098       0x88 C:/devkitPro/devkitARM/bin/../lib/gcc/arm-none-eabi/13.2.0/../../../../arm-none-eabi/lib/armv6k/fpu\libg.a(libc_a-mprec.o)
                0x0011f098                __copybits
 .text.__any_on
                0x0011f120       0x5c C:/devkitPro/devkitARM/bin/../lib/gcc/arm-none-eabi/13.2.0/../../../../arm-none-eabi/lib/armv6k/fpu\libg.a(libc_a-mprec.o)
                0x0011f120                __any_on
 .text.__sfvwrite_r
                0x0011f17c      0x4b4 C:/devkitPro/devkitARM/bin/../lib/gcc/arm-none-eabi/13.2.0/../../../../arm-none-eabi/lib/armv6k/fpu\libg.a(libc_a-fvwrite.o)
                0x0011f17c                __sfvwrite_r
 .text._realloc_r
                0x0011f630      0x4a0 C:/devkitPro/devkitARM/bin/../lib/gcc/arm-none-eabi/13.2.0/../../../../arm-none-eabi/lib/armv6k/fpu\libg.a(libc_a-reallocr.o)
                0x0011f630                _realloc_r
 .text.__utf8_mbtowc
                0x0011fad0      0x2f8 C:/devkitPro/devkitARM/bin/../lib/gcc/arm-none-eabi/13.2.0/../../../../arm-none-eabi/lib/armv6k/fpu\libg.a(libc_a-mbtowc_r.o)
                0x0011fad0                __utf8_mbtowc
 .text._wcsnrtombs_l
                0x0011fdc8      0x188 C:/devkitPro/devkitARM/bin/../lib/gcc/arm-none-eabi/13.2.0/../../../../arm-none-eabi/lib/armv6k/fpu\libg.a(libc_a-wcsnrtombs.o)
                0x0011fdc8                _wcsnrtombs_l
 .text._wcsnrtombs_r
                0x0011ff50       0x64 C:/devkitPro/devkitARM/bin/../lib/gcc/arm-none-eabi/13.2.0/../../../../arm-none-eabi/lib/armv6k/fpu\libg.a(libc_a-wcsnrtombs.o)
                0x0011ff50                _wcsnrtombs_r
 .text.__submore
                0x0011ffb4       0xa8 C:/devkitPro/devkitARM/bin/../lib/gcc/arm-none-eabi/13.2.0/../../../../arm-none-eabi/lib/armv6k/fpu\libg.a(libc_a-ungetc.o)
                0x0011ffb4                __submore
 .text._calloc_r
                0x0012005c       0xc0 C:/devkitPro/devkitARM/bin/../lib/gcc/arm-none-eabi/13.2.0/../../../../arm-none-eabi/lib/armv6k/fpu\libg.a(libc_a-callocr.o)
                0x0012005c                _calloc_r
 .text.__assert_func
                0x0012011c       0x5c C:/devkitPro/devkitARM/bin/../lib/gcc/arm-none-eabi/13.2.0/../../../../arm-none-eabi/lib/armv6k/fpu\libg.a(libc_a-assert.o)
                0x0012011c                __assert_func
 .text.fiprintf
                0x00120178       0x3c C:/devkitPro/devkitARM/bin/../lib/gcc/arm-none-eabi/13.2.0/../../../../arm-none-eabi/lib/armv6k/fpu\libg.a(libc_a-fiprintf.o)
                0x00120178                fiprintf
 .text.abort    0x001201b4       0x14 C:/devkitPro/devkitARM/bin/../lib/gcc/arm-none-eabi/13.2.0/../../../../arm-none-eabi/lib/armv6k/fpu\libg.a(libc_a-abort.o)
                0x001201b4                abort
 .text._raise_r
                0x001201c8       0x90 C:/devkitPro/devkitARM/bin/../lib/gcc/arm-none-eabi/13.2.0/../../../../arm-none-eabi/lib/armv6k/fpu\libg.a(libc_a-signal.o)
                0x001201c8                _raise_r
 .text.raise    0x00120258       0x18 C:/devkitPro/devkitARM/bin/../lib/gcc/arm-none-eabi/13.2.0/../../../../arm-none-eabi/lib/armv6k/fpu\libg.a(libc_a-signal.o)
                0x00120258                raise
 .text._exit    0x00120270       0x20 C:/devkitPro/devkitARM/bin/../lib/gcc/arm-none-eabi/13.2.0/../../../../arm-none-eabi/lib/armv6k/fpu\libsysbase.a(libsysbase_libsysbase_a-_exit.o)
                0x00120270                _exit
 .text.chdir    0x00120290      0x13c C:/devkitPro/devkitARM/bin/../lib/gcc/arm-none-eabi/13.2.0/../../../../arm-none-eabi/lib/armv6k/fpu\libsysbase.a(libsysbase_libsysbase_a-chdir.o)
                0x00120290                chdir
 .text._concatenate_path
                0x001203cc      0x1cc C:/devkitPro/devkitARM/bin/../lib/gcc/arm-none-eabi/13.2.0/../../../../arm-none-eabi/lib/armv6k/fpu\libsysbase.a(libsysbase_libsysbase_a-concatenate.o)
                0x001203cc                _concatenate_path
 .text._fstat_r
                0x00120598       0x78 C:/devkitPro/devkitARM/bin/../lib/gcc/arm-none-eabi/13.2.0/../../../../arm-none-eabi/lib/armv6k/fpu\libsysbase.a(libsysbase_libsysbase_a-fstat.o)
                0x00120598                _fstat_r
 .text._getpid_r
                0x00120610       0x14 C:/devkitPro/devkitARM/bin/../lib/gcc/arm-none-eabi/13.2.0/../../../../arm-none-eabi/lib/armv6k/fpu\libsysbase.a(libsysbase_libsysbase_a-getpid.o)
                0x00120610                _getpid_r
 .text.__getreent
                0x00120624       0x2c C:/devkitPro/devkitARM/bin/../lib/gcc/arm-none-eabi/13.2.0/../../../../arm-none-eabi/lib/armv6k/fpu\libsysbase.a(libsysbase_libsysbase_a-getreent.o)
                0x00120624                __getreent
 .text.__get_handle
                0x00120650       0x3c C:/devkitPro/devkitARM/bin/../lib/gcc/arm-none-eabi/13.2.0/../../../../arm-none-eabi/lib/armv6k/fpu\libsysbase.a(libsysbase_libsysbase_a-handle_manager.o)
                0x00120650                __get_handle
 .text._close_r
                0x0012068c       0xf4 C:/devkitPro/devkitARM/bin/../lib/gcc/arm-none-eabi/13.2.0/../../../../arm-none-eabi/lib/armv6k/fpu\libsysbase.a(libsysbase_libsysbase_a-handle_manager.o)
                0x0012068c                _close_r
 .text.null_write
                0x00120780        0x8 C:/devkitPro/devkitARM/bin/../lib/gcc/arm-none-eabi/13.2.0/../../../../arm-none-eabi/lib/armv6k/fpu\libsysbase.a(libsysbase_libsysbase_a-iosupport.o)
 .text.setDefaultDevice
                0x00120788       0x18 C:/devkitPro/devkitARM/bin/../lib/gcc/arm-none-eabi/13.2.0/../../../../arm-none-eabi/lib/armv6k/fpu\libsysbase.a(libsysbase_libsysbase_a-iosupport.o)
                0x00120788                setDefaultDevice
 .text.FindDevice
                0x001207a0       0xc8 C:/devkitPro/devkitARM/bin/../lib/gcc/arm-none-eabi/13.2.0/../../../../arm-none-eabi/lib/armv6k/fpu\libsysbase.a(libsysbase_libsysbase_a-iosupport.o)
                0x001207a0                FindDevice
 .text.RemoveDevice
                0x00120868       0x28 C:/devkitPro/devkitARM/bin/../lib/gcc/arm-none-eabi/13.2.0/../../../../arm-none-eabi/lib/armv6k/fpu\libsysbase.a(libsysbase_libsysbase_a-iosupport.o)
                0x00120868                RemoveDevice
 .text.AddDevice
                0x00120890       0x9c C:/devkitPro/devkitARM/bin/../lib/gcc/arm-none-eabi/13.2.0/../../../../arm-none-eabi/lib/armv6k/fpu\libsysbase.a(libsysbase_libsysbase_a-iosupport.o)
                0x00120890                AddDevice
 .text.GetDeviceOpTab
                0x0012092c       0x20 C:/devkitPro/devkitARM/bin/../lib/gcc/arm-none-eabi/13.2.0/../../../../arm-none-eabi/lib/armv6k/fpu\libsysbase.a(libsysbase_libsysbase_a-iosupport.o)
                0x0012092c                GetDeviceOpTab
 .text._isatty_r
                0x0012094c        0x8 C:/devkitPro/devkitARM/bin/../lib/gcc/arm-none-eabi/13.2.0/../../../../arm-none-eabi/lib/armv6k/fpu\libsysbase.a(libsysbase_libsysbase_a-isatty.o)
                0x0012094c                _isatty_r
 .text._kill_r  0x00120954       0x14 C:/devkitPro/devkitARM/bin/../lib/gcc/arm-none-eabi/13.2.0/../../../../arm-none-eabi/lib/armv6k/fpu\libsysbase.a(libsysbase_libsysbase_a-kill.o)
                0x00120954                _kill_r
 .text._lseek_r
                0x00120968       0x84 C:/devkitPro/devkitARM/bin/../lib/gcc/arm-none-eabi/13.2.0/../../../../arm-none-eabi/lib/armv6k/fpu\libsysbase.a(libsysbase_libsysbase_a-lseek.o)
                0x00120968                _lseek_r
 .text._read_r  0x001209ec       0x80 C:/devkitPro/devkitARM/bin/../lib/gcc/arm-none-eabi/13.2.0/../../../../arm-none-eabi/lib/armv6k/fpu\libsysbase.a(libsysbase_libsysbase_a-read.o)
                0x001209ec                _read_r
 .text._sbrk_r  0x00120a6c       0x78 C:/devkitPro/devkitARM/bin/../lib/gcc/arm-none-eabi/13.2.0/../../../../arm-none-eabi/lib/armv6k/fpu\libsysbase.a(libsysbase_libsysbase_a-sbrk.o)
                0x00120a6c                _sbrk_r
 .text.__libc_lock_acquire
                0x00120ae4       0x1c C:/devkitPro/devkitARM/bin/../lib/gcc/arm-none-eabi/13.2.0/../../../../arm-none-eabi/lib/armv6k/fpu\libsysbase.a(libsysbase_libsysbase_a-syscall_support.o)
                0x00120ae4                __libc_lock_acquire
 .text.__libc_lock_release
                0x00120b00       0x1c C:/devkitPro/devkitARM/bin/../lib/gcc/arm-none-eabi/13.2.0/../../../../arm-none-eabi/lib/armv6k/fpu\libsysbase.a(libsysbase_libsysbase_a-syscall_support.o)
                0x00120b00                __libc_lock_release
 .text.__libc_lock_acquire_recursive
                0x00120b1c       0x1c C:/devkitPro/devkitARM/bin/../lib/gcc/arm-none-eabi/13.2.0/../../../../arm-none-eabi/lib/armv6k/fpu\libsysbase.a(libsysbase_libsysbase_a-syscall_support.o)
                0x00120b1c                __libc_lock_acquire_recursive
 .text.__libc_lock_release_recursive
                0x00120b38       0x1c C:/devkitPro/devkitARM/bin/../lib/gcc/arm-none-eabi/13.2.0/../../../../arm-none-eabi/lib/armv6k/fpu\libsysbase.a(libsysbase_libsysbase_a-syscall_support.o)
                0x00120b38                __libc_lock_release_recursive
 .text._write_r
                0x00120b54       0x80 C:/devkitPro/devkitARM/bin/../lib/gcc/arm-none-eabi/13.2.0/../../../../arm-none-eabi/lib/armv6k/fpu\libsysbase.a(libsysbase_libsysbase_a-write.o)
                0x00120b54                _write_r
 .text.__fixdfdi
                0x00120bd4       0x38 C:/devkitPro/devkitARM/bin/../lib/gcc/arm-none-eabi/13.2.0/armv6k/fpu\libgcc.a(_fixdfdi.o)
                0x00120bd4                __fixdfdi
                0x00120bd4                __aeabi_d2lz
 *fill*         0x00120c0c        0x4 
 .text.__fixunsdfdi
                0x00120c10       0x40 C:/devkitPro/devkitARM/bin/../lib/gcc/arm-none-eabi/13.2.0/armv6k/fpu\libgcc.a(_fixunsdfdi.o)
                0x00120c10                __fixunsdfdi
                0x00120c10                __aeabi_d2ulz
 .text.strrchr  0x00120c50       0x48 C:/devkitPro/devkitARM/bin/../lib/gcc/arm-none-eabi/13.2.0/../../../../arm-none-eabi/lib/armv6k/fpu\libg.a(libc_a-strrchr.o)
                0x00120c50                strrchr
 *(.glue_7)
 .glue_7        0x00120c98        0x0 linker stubs
 *(.glue_7t)
 .glue_7t       0x00120c98        0x0 linker stubs
 *(.stub)
 *(.gnu.warning)
 *(.gnu.linkonce.t*)
                0x00120c98                        . = ALIGN (0x4)
 *(.fini)
 .fini          0x00120c98        0xc C:/devkitPro/devkitARM/bin/../lib/gcc/arm-none-eabi/13.2.0/armv6k/fpu/crti.o
                0x00120c98                _fini
 .fini          0x00120ca4        0xc C:/devkitPro/devkitARM/bin/../lib/gcc/arm-none-eabi/13.2.0/armv6k/fpu/crtn.o
                0x00120cb0                        . = ALIGN (0x4)

.vfp11_veneer   0x00120cb0        0x0
 .vfp11_veneer  0x00120cb0        0x0 linker stubs

.v4_bx          0x00120cb0        0x0
 .v4_bx         0x00120cb0        0x0 linker stubs

.iplt           0x00120cb0        0x0
 .iplt          0x00120cb0        0x0 C:/devkitPro/devkitARM/bin/../lib/gcc/arm-none-eabi/13.2.0/../../../../arm-none-eabi/lib/armv6k/fpu/3dsx_crt0.o
                0x00121000                        . = ALIGN (0x1000)

.rodata         0x00121000     0x4824
 *(.rodata)
 .rodata        0x00121000        0xc C:/devkitPro/libctru/lib\libctru.a(archive_dev.o)
 *(.roda)
 *(.rodata.*)
 .rodata.str1.4
                0x0012100c      0x2e7 main.o
                                 0x4d (size before relaxing)
 .rodata.parseColor.str1.4
                0x001212f3       0x1b C:/devkitPro/libctru/lib\libctru.a(console.o)
 .rodata.con_write.str1.4
                0x001212f3       0x4a C:/devkitPro/libctru/lib\libctru.a(console.o)
 .rodata.str1.4
                0x001212f3       0x10 C:/devkitPro/libctru/lib\libctru.a(console.o)
 *fill*         0x001212f3        0x1 
 .rodata.dotab_stdout
                0x001212f4       0x80 C:/devkitPro/libctru/lib\libctru.a(console.o)
 .rodata.grayScale
                0x00121374       0x18 C:/devkitPro/libctru/lib\libctru.a(console.o)
 .rodata.colorCube
                0x0012138c        0x6 C:/devkitPro/libctru/lib\libctru.a(console.o)
 *fill*         0x00121392        0x2 
 .rodata.colorTable
                0x00121394       0x30 C:/devkitPro/libctru/lib\libctru.a(console.o)
 .rodata.srvInit.str1.4
                0x001213c4        0x5 C:/devkitPro/libctru/lib\libctru.a(srv.o)
 .rodata.aptSendCommand.str1.4
                0x001213c4       0x16 C:/devkitPro/libctru/lib\libctru.a(apt.o)
 .rodata.morton_y.2
                0x001213c4        0x8 C:/devkitPro/libctru/lib\libctru.a(apt.o)
 .rodata.morton_x.3
                0x001213cc        0x8 C:/devkitPro/libctru/lib\libctru.a(apt.o)
 .rodata.s_sleepWakeEvents.4
                0x001213d4        0x8 C:/devkitPro/libctru/lib\libctru.a(apt.o)
 .rodata.gspInit.str1.4
                0x001213dc        0x9 C:/devkitPro/libctru/lib\libctru.a(gspgpu.o)
 .rodata.hidInit.str1.4
                0x001213dc       0x15 C:/devkitPro/libctru/lib\libctru.a(hid.o)
 .rodata.irrstInit.str1.4
                0x001213dc        0x7 C:/devkitPro/libctru/lib\libctru.a(irrst.o)
 .rodata.__system_initArgv.str1.4
                0x001213dc        0xa C:/devkitPro/libctru/lib\libctru.a(initArgv.o)
 .rodata.default_font_bin
                0x001213dc      0x800 C:/devkitPro/libctru/lib\libctru.a(default_font.bin.o)
                0x001213dc                default_font_bin
                0x00121bdc                default_font_bin_end
 .rodata.ptmSysmInit.str1.4
                0x00121bdc        0x9 C:/devkitPro/libctru/lib\libctru.a(ptmsysm.o)
 .rodata.archive_utf16path.str1.4
                0x00121bdc        0x2 C:/devkitPro/libctru/lib\libctru.a(archive_dev.o)
 .rodata._archiveUnmountDeviceStruct.part.0.str1.4
                0x00121bdc        0x2 C:/devkitPro/libctru/lib\libctru.a(archive_dev.o)
 .rodata._archiveMountDevice.str1.4
                0x00121bdc        0xc C:/devkitPro/libctru/lib\libctru.a(archive_dev.o)
 .rodata.archiveMountSdmc.str1.4
                0x00121bdc        0x5 C:/devkitPro/libctru/lib\libctru.a(archive_dev.o)
 .rodata.error_table
                0x00121bdc       0x30 C:/devkitPro/libctru/lib\libctru.a(archive_dev.o)
 .rodata.str1.4
                0x00121c0c        0x8 C:/devkitPro/libctru/lib\libctru.a(archive_dev.o)
 .rodata.archive_devoptab
                0x00121c0c       0x80 C:/devkitPro/libctru/lib\libctru.a(archive_dev.o)
 .rodata.fsInit.str1.4
                0x00121c8c        0x8 C:/devkitPro/libctru/lib\libctru.a(fs.o)
 .rodata.__ssvfscanf_r.str1.1
                0x00121c8c       0x40 C:/devkitPro/devkitARM/bin/../lib/gcc/arm-none-eabi/13.2.0/../../../../arm-none-eabi/lib/armv6k/fpu\libg.a(libc_a-svfscanf.o)
                                  0x6 (size before relaxing)
 .rodata.basefix.0
                0x00121ccc       0x22 C:/devkitPro/devkitARM/bin/../lib/gcc/arm-none-eabi/13.2.0/../../../../arm-none-eabi/lib/armv6k/fpu\libg.a(libc_a-svfscanf.o)
 .rodata._vfprintf_r.str1.1
                0x00121cee       0x3b C:/devkitPro/devkitARM/bin/../lib/gcc/arm-none-eabi/13.2.0/../../../../arm-none-eabi/lib/armv6k/fpu\libg.a(libc_a-vfprintf.o)
 *fill*         0x00121cee        0x2 
 .rodata.zeroes.0
                0x00121cf0       0x10 C:/devkitPro/devkitARM/bin/../lib/gcc/arm-none-eabi/13.2.0/../../../../arm-none-eabi/lib/armv6k/fpu\libg.a(libc_a-vfprintf.o)
 .rodata.blanks.1
                0x00121d00       0x10 C:/devkitPro/devkitARM/bin/../lib/gcc/arm-none-eabi/13.2.0/../../../../arm-none-eabi/lib/armv6k/fpu\libg.a(libc_a-vfprintf.o)
 .rodata._strtod_l.str1.4
                0x00121d10       0x15 C:/devkitPro/devkitARM/bin/../lib/gcc/arm-none-eabi/13.2.0/../../../../arm-none-eabi/lib/armv6k/fpu\libg.a(libc_a-strtod.o)
 .rodata.fpinan.0
                0x00121d10       0x14 C:/devkitPro/devkitARM/bin/../lib/gcc/arm-none-eabi/13.2.0/../../../../arm-none-eabi/lib/armv6k/fpu\libg.a(libc_a-strtod.o)
 .rodata.fpi.1  0x00121d24       0x14 C:/devkitPro/devkitARM/bin/../lib/gcc/arm-none-eabi/13.2.0/../../../../arm-none-eabi/lib/armv6k/fpu\libg.a(libc_a-strtod.o)
 .rodata.tinytens
                0x00121d38       0x28 C:/devkitPro/devkitARM/bin/../lib/gcc/arm-none-eabi/13.2.0/../../../../arm-none-eabi/lib/armv6k/fpu\libg.a(libc_a-strtod.o)
 .rodata.str1.4
                0x00121d60       0x4c C:/devkitPro/devkitARM/bin/../lib/gcc/arm-none-eabi/13.2.0/../../../../arm-none-eabi/lib/armv6k/fpu\libg.a(libc_a-locale.o)
 .rodata._mbrtowc_r.str1.4
                0x00121d60        0x1 C:/devkitPro/devkitARM/bin/../lib/gcc/arm-none-eabi/13.2.0/../../../../arm-none-eabi/lib/armv6k/fpu\libg.a(libc_a-mbrtowc.o)
 .rodata._ctype_
                0x00121d60      0x101 C:/devkitPro/devkitARM/bin/../lib/gcc/arm-none-eabi/13.2.0/../../../../arm-none-eabi/lib/armv6k/fpu\libg.a(libc_a-ctype_.o)
                0x00121d60                _ctype_
 *fill*         0x00121e61        0x3 
 .rodata.categories
                0x00121e64     0x3528 C:/devkitPro/devkitARM/bin/../lib/gcc/arm-none-eabi/13.2.0/../../../../arm-none-eabi/lib/armv6k/fpu\libg.a(libc_a-categories.o)
 .rodata._vfiprintf_r.str1.1
                0x0012538c       0x29 C:/devkitPro/devkitARM/bin/../lib/gcc/arm-none-eabi/13.2.0/../../../../arm-none-eabi/lib/armv6k/fpu\libg.a(libc_a-vfiprintf.o)
 .rodata.zeroes.0
                0x0012538c       0x10 C:/devkitPro/devkitARM/bin/../lib/gcc/arm-none-eabi/13.2.0/../../../../arm-none-eabi/lib/armv6k/fpu\libg.a(libc_a-vfiprintf.o)
 .rodata.blanks.1
                0x0012539c       0x10 C:/devkitPro/devkitARM/bin/../lib/gcc/arm-none-eabi/13.2.0/../../../../arm-none-eabi/lib/armv6k/fpu\libg.a(libc_a-vfiprintf.o)
 .rodata.__action_table
                0x001253ac       0x6c C:/devkitPro/devkitARM/bin/../lib/gcc/arm-none-eabi/13.2.0/../../../../arm-none-eabi/lib/armv6k/fpu\libg.a(libc_a-svfiprintf.o)
                0x001253ac                __action_table
 .rodata.__state_table
                0x00125418       0x6c C:/devkitPro/devkitARM/bin/../lib/gcc/arm-none-eabi/13.2.0/../../../../arm-none-eabi/lib/armv6k/fpu\libg.a(libc_a-svfiprintf.o)
                0x00125418                __state_table
 .rodata.__chclass
                0x00125484      0x100 C:/devkitPro/devkitARM/bin/../lib/gcc/arm-none-eabi/13.2.0/../../../../arm-none-eabi/lib/armv6k/fpu\libg.a(libc_a-svfiprintf.o)
                0x00125484                __chclass
 .rodata.__gethex.str1.4
                0x00125584       0x62 C:/devkitPro/devkitARM/bin/../lib/gcc/arm-none-eabi/13.2.0/../../../../arm-none-eabi/lib/armv6k/fpu\libg.a(libc_a-gdtoa-gethex.o)
 .rodata.__hexdig
                0x00125584      0x100 C:/devkitPro/devkitARM/bin/../lib/gcc/arm-none-eabi/13.2.0/../../../../arm-none-eabi/lib/armv6k/fpu\libg.a(libc_a-gdtoa-gethex.o)
                0x00125584                __hexdig
 .rodata._dtoa_r.str1.4
                0x00125684       0x6a C:/devkitPro/devkitARM/bin/../lib/gcc/arm-none-eabi/13.2.0/../../../../arm-none-eabi/lib/armv6k/fpu\libg.a(libc_a-dtoa.o)
 .rodata._svfprintf_r.str1.1
                0x00125684       0x3b C:/devkitPro/devkitARM/bin/../lib/gcc/arm-none-eabi/13.2.0/../../../../arm-none-eabi/lib/armv6k/fpu\libg.a(libc_a-svfprintf.o)
 .rodata.zeroes.0
                0x00125684       0x10 C:/devkitPro/devkitARM/bin/../lib/gcc/arm-none-eabi/13.2.0/../../../../arm-none-eabi/lib/armv6k/fpu\libg.a(libc_a-svfprintf.o)
 .rodata.blanks.1
                0x00125694       0x10 C:/devkitPro/devkitARM/bin/../lib/gcc/arm-none-eabi/13.2.0/../../../../arm-none-eabi/lib/armv6k/fpu\libg.a(libc_a-svfprintf.o)
 .rodata.__multadd.str1.4
                0x001256a4       0x57 C:/devkitPro/devkitARM/bin/../lib/gcc/arm-none-eabi/13.2.0/../../../../arm-none-eabi/lib/armv6k/fpu\libg.a(libc_a-mprec.o)
 .rodata.p05.0  0x001256a4        0xc C:/devkitPro/devkitARM/bin/../lib/gcc/arm-none-eabi/13.2.0/../../../../arm-none-eabi/lib/armv6k/fpu\libg.a(libc_a-mprec.o)
 .rodata.__mprec_bigtens
                0x001256b0       0x28 C:/devkitPro/devkitARM/bin/../lib/gcc/arm-none-eabi/13.2.0/../../../../arm-none-eabi/lib/armv6k/fpu\libg.a(libc_a-mprec.o)
                0x001256b0                __mprec_bigtens
 .rodata.__mprec_tens
                0x001256d8       0xc8 C:/devkitPro/devkitARM/bin/../lib/gcc/arm-none-eabi/13.2.0/../../../../arm-none-eabi/lib/armv6k/fpu\libg.a(libc_a-mprec.o)
                0x001256d8                __mprec_tens
 .rodata.__assert_func.str1.4
                0x001257a0       0x43 C:/devkitPro/devkitARM/bin/../lib/gcc/arm-none-eabi/13.2.0/../../../../arm-none-eabi/lib/armv6k/fpu\libg.a(libc_a-assert.o)
 .rodata.AddDevice.str1.4
                0x001257a0        0x8 C:/devkitPro/devkitARM/bin/../lib/gcc/arm-none-eabi/13.2.0/../../../../arm-none-eabi/lib/armv6k/fpu\libsysbase.a(libsysbase_libsysbase_a-iosupport.o)
 .rodata.dotab_stdnull
                0x001257a0       0x80 C:/devkitPro/devkitARM/bin/../lib/gcc/arm-none-eabi/13.2.0/../../../../arm-none-eabi/lib/armv6k/fpu\libsysbase.a(libsysbase_libsysbase_a-iosupport.o)
                0x001257a0                dotab_stdnull
 *all.rodata*(*)
 *(.gnu.linkonce.r*)
                0x00125820                        . = ALIGN (0x4)
                0x00125820                        __tdata_align = .
                0x00125820        0x4 LONG 0x4 ALIGNOF (.tdata)
                0x00125824                        . = ALIGN (0x4)

.eh_frame       0x00125824        0x0
 .eh_frame      0x00125824        0x0 C:/devkitPro/devkitARM/bin/../lib/gcc/arm-none-eabi/13.2.0/armv6k/fpu/crtbegin.o

.rel.dyn        0x00125824        0x0
 .rel.iplt      0x00125824        0x0 C:/devkitPro/devkitARM/bin/../lib/gcc/arm-none-eabi/13.2.0/../../../../arm-none-eabi/lib/armv6k/fpu/3dsx_crt0.o
 .rel.got       0x00125824        0x0 C:/devkitPro/devkitARM/bin/../lib/gcc/arm-none-eabi/13.2.0/../../../../arm-none-eabi/lib/armv6k/fpu/3dsx_crt0.o

.ARM.extab
 *(.ARM.extab* .gnu.linkonce.armextab.*)
                0x00125824                        __exidx_start = .

ARM.exidx
 *(.ARM.exidx* .gnu.linkonce.armexidx.*)
                0x00125824                        __exidx_end = .
                0x00126000                        . = ALIGN (0x1000)

.data           0x00126000     0x1bcc
 *(.data)
 *(.data.*)
 .data.firstConsoleInit.0
                0x00126000        0x1 C:/devkitPro/libctru/lib\libctru.a(console.o)
 *fill*         0x00126001        0x3 
 .data.currentConsole
                0x00126004        0x4 C:/devkitPro/libctru/lib\libctru.a(console.o)
                0x00126004                currentConsole
 .data.defaultConsole
                0x00126008       0x48 C:/devkitPro/libctru/lib\libctru.a(console.o)
                0x00126008                defaultConsole
 .data.aptChainloadDeliverArgSize
                0x00126050        0x4 C:/devkitPro/libctru/lib\libctru.a(apt.o)
 .data.kCount   0x00126054        0x4 C:/devkitPro/libctru/lib\libctru.a(hid.o)
 .data.kInterval
                0x00126058        0x4 C:/devkitPro/libctru/lib\libctru.a(hid.o)
 .data.kDelay   0x0012605c        0x4 C:/devkitPro/libctru/lib\libctru.a(hid.o)
 .data.__stacksize__
                0x00126060        0x4 C:/devkitPro/libctru/lib\libctru.a(stack_adjust.o)
                0x00126060                __stacksize__
 .data.__malloc_sbrk_base
                0x00126064        0x4 C:/devkitPro/devkitARM/bin/../lib/gcc/arm-none-eabi/13.2.0/../../../../arm-none-eabi/lib/armv6k/fpu\libg.a(libc_a-mallocr.o)
                0x00126064                __malloc_sbrk_base
 .data.__malloc_trim_threshold
                0x00126068        0x4 C:/devkitPro/devkitARM/bin/../lib/gcc/arm-none-eabi/13.2.0/../../../../arm-none-eabi/lib/armv6k/fpu\libg.a(libc_a-mallocr.o)
                0x00126068                __malloc_trim_threshold
 *fill*         0x0012606c        0x4 
 .data.__malloc_av_
                0x00126070      0x408 C:/devkitPro/devkitARM/bin/../lib/gcc/arm-none-eabi/13.2.0/../../../../arm-none-eabi/lib/armv6k/fpu\libg.a(libc_a-mallocr.o)
                0x00126070                __malloc_av_
 .data.__sglue  0x00126478        0xc C:/devkitPro/devkitARM/bin/../lib/gcc/arm-none-eabi/13.2.0/../../../../arm-none-eabi/lib/armv6k/fpu\libg.a(libc_a-findfp.o)
                0x00126478                __sglue
 .data.__global_locale
                0x00126484      0x16c C:/devkitPro/devkitARM/bin/../lib/gcc/arm-none-eabi/13.2.0/../../../../arm-none-eabi/lib/armv6k/fpu\libg.a(libc_a-locale.o)
                0x00126484                __global_locale
 .data._impure_ptr
                0x001265f0        0x4 C:/devkitPro/devkitARM/bin/../lib/gcc/arm-none-eabi/13.2.0/../../../../arm-none-eabi/lib/armv6k/fpu\libg.a(libc_a-impure.o)
                0x001265f0                _impure_ptr
 *fill*         0x001265f4        0x4 
 .data._impure_data
                0x001265f8      0x120 C:/devkitPro/devkitARM/bin/../lib/gcc/arm-none-eabi/13.2.0/../../../../arm-none-eabi/lib/armv6k/fpu\libg.a(libc_a-impure.o)
                0x001265f8                _impure_data
 .data._current_working_directory
                0x00126718      0x400 C:/devkitPro/devkitARM/bin/../lib/gcc/arm-none-eabi/13.2.0/../../../../arm-none-eabi/lib/armv6k/fpu\libsysbase.a(libsysbase_libsysbase_a-chdir.o)
 .data.handles  0x00126b18     0x1000 C:/devkitPro/devkitARM/bin/../lib/gcc/arm-none-eabi/13.2.0/../../../../arm-none-eabi/lib/armv6k/fpu\libsysbase.a(libsysbase_libsysbase_a-handle_manager.o)
 .data.__stderr_handle
                0x00127b18        0xc C:/devkitPro/devkitARM/bin/../lib/gcc/arm-none-eabi/13.2.0/../../../../arm-none-eabi/lib/armv6k/fpu\libsysbase.a(libsysbase_libsysbase_a-handle_manager.o)
 .data.__stdout_handle
                0x00127b24        0xc C:/devkitPro/devkitARM/bin/../lib/gcc/arm-none-eabi/13.2.0/../../../../arm-none-eabi/lib/armv6k/fpu\libsysbase.a(libsysbase_libsysbase_a-handle_manager.o)
 .data.__stdin_handle
                0x00127b30        0xc C:/devkitPro/devkitARM/bin/../lib/gcc/arm-none-eabi/13.2.0/../../../../arm-none-eabi/lib/armv6k/fpu\libsysbase.a(libsysbase_libsysbase_a-handle_manager.o)
 .data.devoptab_list
                0x00127b3c       0x8c C:/devkitPro/devkitARM/bin/../lib/gcc/arm-none-eabi/13.2.0/../../../../arm-none-eabi/lib/armv6k/fpu\libsysbase.a(libsysbase_libsysbase_a-iosupport.o)
                0x00127b3c                devoptab_list
 .data.defaultDevice
                0x00127bc8        0x4 C:/devkitPro/devkitARM/bin/../lib/gcc/arm-none-eabi/13.2.0/../../../../arm-none-eabi/lib/armv6k/fpu\libsysbase.a(libsysbase_libsysbase_a-iosupport.o)
 *(.gnu.linkonce.d*)
                0x00127bcc                        . = ALIGN (0x4)

.igot.plt       0x00127bcc        0x0
 .igot.plt      0x00127bcc        0x0 C:/devkitPro/devkitARM/bin/../lib/gcc/arm-none-eabi/13.2.0/../../../../arm-none-eabi/lib/armv6k/fpu/3dsx_crt0.o

.got            0x00127bcc        0x8
 .got           0x00127bcc        0x8 C:/devkitPro/devkitARM/bin/../lib/gcc/arm-none-eabi/13.2.0/../../../../arm-none-eabi/lib/armv6k/fpu/3dsx_crt0.o

.got.plt        0x00127bd4        0xc
 .got.plt       0x00127bd4        0xc C:/devkitPro/devkitARM/bin/../lib/gcc/arm-none-eabi/13.2.0/../../../../arm-none-eabi/lib/armv6k/fpu/3dsx_crt0.o
                0x00127bd4                _GLOBAL_OFFSET_TABLE_

.tdata          0x00127be0        0x0
                0x00127be0                        __tdata_lma = .
 *(.tdata)
 *(.tdata.*)
 *(.gnu.linkonce.td.*)
                0x00127be0                        . = ALIGN (0x4)
                0x00127be0                        __tdata_lma_end = .

.tbss           0x00127be0      0xc08
 *(.tbss)
 *(.tbss.*)
 .tbss.__ctru_dev_utf16_buf
                0x00127be0      0x802 C:/devkitPro/libctru/lib\libctru.a(path_buf.o)
                0x00127be0                __ctru_dev_utf16_buf
 *fill*         0x001283e2        0x2 
 .tbss.__ctru_dev_path_buf
                0x001283e4      0x401 C:/devkitPro/libctru/lib\libctru.a(path_buf.o)
                0x001283e4                __ctru_dev_path_buf
 *(.gnu.linkonce.tb.*)
 *(.tcommon)
                0x001287e8                        . = ALIGN (0x4)
 *fill*         0x001287e5        0x3 

.preinit_array  0x00127be0        0x0
                0x00127be0                        PROVIDE (__preinit_array_start = .)
 *(.preinit_array)
                0x00127be0                        PROVIDE (__preinit_array_end = .)

.init_array     0x00127be0        0x4
                0x00127be0                        PROVIDE (__init_array_start = .)
 *(SORT_BY_NAME(.init_array.*))
 *(.init_array)
 .init_array    0x00127be0        0x4 C:/devkitPro/devkitARM/bin/../lib/gcc/arm-none-eabi/13.2.0/armv6k/fpu/crtbegin.o
                0x00127be4                        PROVIDE (__init_array_end = .)

.fini_array     0x00127be4        0x4
                0x00127be4                        PROVIDE (__fini_array_start = .)
 *(.fini_array)
 .fini_array    0x00127be4        0x4 C:/devkitPro/devkitARM/bin/../lib/gcc/arm-none-eabi/13.2.0/armv6k/fpu/crtbegin.o
 *(SORT_BY_NAME(.fini_array.*))
                0x00127be8                        PROVIDE (__fini_array_end = .)

.ctors
 *crtbegin.o(.ctors)
 *(EXCLUDE_FILE(*crtend.o) .ctors)
 *(SORT_BY_NAME(.ctors.*))
 *(.ctors)

.dtors
 *crtbegin.o(.dtors)
 *(EXCLUDE_FILE(*crtend.o) .dtors)
 *(SORT_BY_NAME(.dtors.*))
 *(.dtors)
                0x00127be8                        __bss_start__ = .

.bss            0x00127be8     0x2dc4
 *(.dynbss)
 *(.bss)
 *(.bss.*)
 .bss.completed.1
                0x00127be8        0x1 C:/devkitPro/devkitARM/bin/../lib/gcc/arm-none-eabi/13.2.0/armv6k/fpu/crtbegin.o
 *fill*         0x00127be9        0x3 
 .bss.object.0  0x00127bec       0x18 C:/devkitPro/devkitARM/bin/../lib/gcc/arm-none-eabi/13.2.0/armv6k/fpu/crtbegin.o
 .bss.currentCopy
                0x00127c04       0x48 C:/devkitPro/libctru/lib\libctru.a(console.o)
                0x00127c04                currentCopy
 .bss.screenAlloc
                0x00127c4c        0x4 C:/devkitPro/libctru/lib\libctru.a(gfx.o)
 .bss.screenFree
                0x00127c50        0x4 C:/devkitPro/libctru/lib\libctru.a(gfx.o)
 .bss.gfxIsDoubleBuf
                0x00127c54        0x2 C:/devkitPro/libctru/lib\libctru.a(gfx.o)
 *fill*         0x00127c56        0x2 
 .bss.gfxCurBuf
                0x00127c58        0x2 C:/devkitPro/libctru/lib\libctru.a(gfx.o)
 .bss.gfxIsVram
                0x00127c5a        0x1 C:/devkitPro/libctru/lib\libctru.a(gfx.o)
 .bss.gfxTopMode
                0x00127c5b        0x1 C:/devkitPro/libctru/lib\libctru.a(gfx.o)
 .bss.gfxFramebufferFormats